[0.113s] DEBUG:colcon:Command line arguments: ['/home/ubuntu/ml_env/bin/colcon', 'build', '--symlink-install']
[0.113s] DEBUG:colcon:Parsed command line arguments: Namespace(log_base=None, log_level=None, verb_name='build', build_base='build', install_base='install', merge_install=False, symlink_install=True, test_result_base=None, continue_on_error=False, executor='parallel', parallel_workers=28, event_handlers=None, ignore_user_meta=False, metas=['./colcon.meta'], base_paths=['.'], packages_ignore=None, packages_ignore_regex=None, paths=None, packages_up_to=None, packages_up_to_regex=None, packages_above=None, packages_above_and_dependencies=None, packages_above_depth=None, packages_select_by_dep=None, packages_skip_by_dep=None, packages_skip_up_to=None, packages_select_build_failed=False, packages_skip_build_finished=False, packages_select_test_failures=False, packages_skip_test_passed=False, packages_select=None, packages_skip=None, packages_select_regex=None, packages_skip_regex=None, packages_start=None, packages_end=None, cmake_args=None, cmake_target=None, cmake_target_skip_unavailable=False, cmake_clean_cache=False, cmake_clean_first=False, cmake_force_configure=False, ament_cmake_args=None, catkin_cmake_args=None, catkin_skip_building_tests=False, verb_parser=<colcon_defaults.argument_parser.defaults.DefaultArgumentsDecorator object at 0x7f0ae10a8740>, verb_extension=<colcon_core.verb.build.BuildVerb object at 0x7f0ae106fd40>, main=<bound method BuildVerb.main of <colcon_core.verb.build.BuildVerb object at 0x7f0ae106fd40>>)
[0.162s] Level 1:colcon.colcon_core.package_discovery:discover_packages(colcon_meta) check parameters
[0.162s] Level 1:colcon.colcon_core.package_discovery:discover_packages(recursive) check parameters
[0.162s] Level 1:colcon.colcon_core.package_discovery:discover_packages(ignore) check parameters
[0.162s] Level 1:colcon.colcon_core.package_discovery:discover_packages(path) check parameters
[0.163s] Level 1:colcon.colcon_core.package_discovery:discover_packages(colcon_meta) discover
[0.163s] Level 1:colcon.colcon_core.package_discovery:discover_packages(recursive) discover
[0.163s] INFO:colcon.colcon_core.package_discovery:Crawling recursively for packages in '/ball-e/ros2_ws'
[0.163s] Level 1:colcon.colcon_core.package_identification:_identify(.) by extensions ['ignore', 'ignore_ament_install']
[0.163s] Level 1:colcon.colcon_core.package_identification:_identify(.) by extension 'ignore'
[0.163s] Level 1:colcon.colcon_core.package_identification:_identify(.) by extension 'ignore_ament_install'
[0.163s] Level 1:colcon.colcon_core.package_identification:_identify(.) by extensions ['colcon_pkg']
[0.163s] Level 1:colcon.colcon_core.package_identification:_identify(.) by extension 'colcon_pkg'
[0.163s] Level 1:colcon.colcon_core.package_identification:_identify(.) by extensions ['colcon_meta']
[0.164s] Level 1:colcon.colcon_core.package_identification:_identify(.) by extension 'colcon_meta'
[0.164s] Level 1:colcon.colcon_core.package_identification:_identify(.) by extensions ['ros']
[0.164s] Level 1:colcon.colcon_core.package_identification:_identify(.) by extension 'ros'
[0.191s] Level 1:colcon.colcon_core.package_identification:_identify(.) by extensions ['cmake', 'python']
[0.191s] Level 1:colcon.colcon_core.package_identification:_identify(.) by extension 'cmake'
[0.191s] Level 1:colcon.colcon_core.package_identification:_identify(.) by extension 'python'
[0.191s] Level 1:colcon.colcon_core.package_identification:_identify(.) by extensions ['python_setup_py']
[0.191s] Level 1:colcon.colcon_core.package_identification:_identify(.) by extension 'python_setup_py'
[0.192s] Level 1:colcon.colcon_core.package_identification:_identify(build) by extensions ['ignore', 'ignore_ament_install']
[0.192s] Level 1:colcon.colcon_core.package_identification:_identify(build) by extension 'ignore'
[0.192s] Level 1:colcon.colcon_core.package_identification:_identify(build) ignored
[0.192s] Level 1:colcon.colcon_core.package_identification:_identify(install) by extensions ['ignore', 'ignore_ament_install']
[0.193s] Level 1:colcon.colcon_core.package_identification:_identify(install) by extension 'ignore'
[0.193s] Level 1:colcon.colcon_core.package_identification:_identify(install) ignored
[0.193s] Level 1:colcon.colcon_core.package_identification:_identify(log) by extensions ['ignore', 'ignore_ament_install']
[0.193s] Level 1:colcon.colcon_core.package_identification:_identify(log) by extension 'ignore'
[0.193s] Level 1:colcon.colcon_core.package_identification:_identify(log) ignored
[0.194s] Level 1:colcon.colcon_core.package_identification:_identify(src) by extensions ['ignore', 'ignore_ament_install']
[0.194s] Level 1:colcon.colcon_core.package_identification:_identify(src) by extension 'ignore'
[0.194s] Level 1:colcon.colcon_core.package_identification:_identify(src) by extension 'ignore_ament_install'
[0.194s] Level 1:colcon.colcon_core.package_identification:_identify(src) by extensions ['colcon_pkg']
[0.194s] Level 1:colcon.colcon_core.package_identification:_identify(src) by extension 'colcon_pkg'
[0.194s] Level 1:colcon.colcon_core.package_identification:_identify(src) by extensions ['colcon_meta']
[0.194s] Level 1:colcon.colcon_core.package_identification:_identify(src) by extension 'colcon_meta'
[0.194s] Level 1:colcon.colcon_core.package_identification:_identify(src) by extensions ['ros']
[0.194s] Level 1:colcon.colcon_core.package_identification:_identify(src) by extension 'ros'
[0.195s] Level 1:colcon.colcon_core.package_identification:_identify(src) by extensions ['cmake', 'python']
[0.195s] Level 1:colcon.colcon_core.package_identification:_identify(src) by extension 'cmake'
[0.195s] Level 1:colcon.colcon_core.package_identification:_identify(src) by extension 'python'
[0.195s] Level 1:colcon.colcon_core.package_identification:_identify(src) by extensions ['python_setup_py']
[0.195s] Level 1:colcon.colcon_core.package_identification:_identify(src) by extension 'python_setup_py'
[0.195s] Level 1:colcon.colcon_core.package_identification:_identify(src/emotion_pkg) by extensions ['ignore', 'ignore_ament_install']
[0.196s] Level 1:colcon.colcon_core.package_identification:_identify(src/emotion_pkg) by extension 'ignore'
[0.196s] Level 1:colcon.colcon_core.package_identification:_identify(src/emotion_pkg) by extension 'ignore_ament_install'
[0.196s] Level 1:colcon.colcon_core.package_identification:_identify(src/emotion_pkg) by extensions ['colcon_pkg']
[0.196s] Level 1:colcon.colcon_core.package_identification:_identify(src/emotion_pkg) by extension 'colcon_pkg'
[0.196s] Level 1:colcon.colcon_core.package_identification:_identify(src/emotion_pkg) by extensions ['colcon_meta']
[0.196s] Level 1:colcon.colcon_core.package_identification:_identify(src/emotion_pkg) by extension 'colcon_meta'
[0.196s] Level 1:colcon.colcon_core.package_identification:_identify(src/emotion_pkg) by extensions ['ros']
[0.196s] Level 1:colcon.colcon_core.package_identification:_identify(src/emotion_pkg) by extension 'ros'
[0.200s] DEBUG:colcon.colcon_core.package_identification:Package 'src/emotion_pkg' with type 'ros.ament_python' and name 'emotion_pkg'
[0.200s] Level 1:colcon.colcon_core.package_identification:_identify(src/interaction_pkg) by extensions ['ignore', 'ignore_ament_install']
[0.201s] Level 1:colcon.colcon_core.package_identification:_identify(src/interaction_pkg) by extension 'ignore'
[0.201s] Level 1:colcon.colcon_core.package_identification:_identify(src/interaction_pkg) by extension 'ignore_ament_install'
[0.201s] Level 1:colcon.colcon_core.package_identification:_identify(src/interaction_pkg) by extensions ['colcon_pkg']
[0.201s] Level 1:colcon.colcon_core.package_identification:_identify(src/interaction_pkg) by extension 'colcon_pkg'
[0.201s] Level 1:colcon.colcon_core.package_identification:_identify(src/interaction_pkg) by extensions ['colcon_meta']
[0.201s] Level 1:colcon.colcon_core.package_identification:_identify(src/interaction_pkg) by extension 'colcon_meta'
[0.201s] Level 1:colcon.colcon_core.package_identification:_identify(src/interaction_pkg) by extensions ['ros']
[0.201s] Level 1:colcon.colcon_core.package_identification:_identify(src/interaction_pkg) by extension 'ros'
[0.202s] DEBUG:colcon.colcon_core.package_identification:Package 'src/interaction_pkg' with type 'ros.ament_python' and name 'interaction_pkg'
[0.202s] Level 1:colcon.colcon_core.package_identification:_identify(src/msgs_interfaces) by extensions ['ignore', 'ignore_ament_install']
[0.202s] Level 1:colcon.colcon_core.package_identification:_identify(src/msgs_interfaces) by extension 'ignore'
[0.202s] Level 1:colcon.colcon_core.package_identification:_identify(src/msgs_interfaces) by extension 'ignore_ament_install'
[0.203s] Level 1:colcon.colcon_core.package_identification:_identify(src/msgs_interfaces) by extensions ['colcon_pkg']
[0.203s] Level 1:colcon.colcon_core.package_identification:_identify(src/msgs_interfaces) by extension 'colcon_pkg'
[0.203s] Level 1:colcon.colcon_core.package_identification:_identify(src/msgs_interfaces) by extensions ['colcon_meta']
[0.203s] Level 1:colcon.colcon_core.package_identification:_identify(src/msgs_interfaces) by extension 'colcon_meta'
[0.203s] Level 1:colcon.colcon_core.package_identification:_identify(src/msgs_interfaces) by extensions ['ros']
[0.203s] Level 1:colcon.colcon_core.package_identification:_identify(src/msgs_interfaces) by extension 'ros'
[0.204s] DEBUG:colcon.colcon_core.package_identification:Package 'src/msgs_interfaces' with type 'ros.ament_cmake' and name 'msgs_interfaces'
[0.204s] Level 1:colcon.colcon_core.package_identification:_identify(src/navigation_pkg) by extensions ['ignore', 'ignore_ament_install']
[0.204s] Level 1:colcon.colcon_core.package_identification:_identify(src/navigation_pkg) by extension 'ignore'
[0.204s] Level 1:colcon.colcon_core.package_identification:_identify(src/navigation_pkg) by extension 'ignore_ament_install'
[0.204s] Level 1:colcon.colcon_core.package_identification:_identify(src/navigation_pkg) by extensions ['colcon_pkg']
[0.204s] Level 1:colcon.colcon_core.package_identification:_identify(src/navigation_pkg) by extension 'colcon_pkg'
[0.205s] Level 1:colcon.colcon_core.package_identification:_identify(src/navigation_pkg) by extensions ['colcon_meta']
[0.205s] Level 1:colcon.colcon_core.package_identification:_identify(src/navigation_pkg) by extension 'colcon_meta'
[0.205s] Level 1:colcon.colcon_core.package_identification:_identify(src/navigation_pkg) by extensions ['ros']
[0.205s] Level 1:colcon.colcon_core.package_identification:_identify(src/navigation_pkg) by extension 'ros'
[0.205s] DEBUG:colcon.colcon_core.package_identification:Package 'src/navigation_pkg' with type 'ros.ament_python' and name 'navigation_pkg'
[0.206s] Level 1:colcon.colcon_core.package_identification:_identify(src/perception_pkg) by extensions ['ignore', 'ignore_ament_install']
[0.206s] Level 1:colcon.colcon_core.package_identification:_identify(src/perception_pkg) by extension 'ignore'
[0.206s] Level 1:colcon.colcon_core.package_identification:_identify(src/perception_pkg) by extension 'ignore_ament_install'
[0.206s] Level 1:colcon.colcon_core.package_identification:_identify(src/perception_pkg) by extensions ['colcon_pkg']
[0.206s] Level 1:colcon.colcon_core.package_identification:_identify(src/perception_pkg) by extension 'colcon_pkg'
[0.206s] Level 1:colcon.colcon_core.package_identification:_identify(src/perception_pkg) by extensions ['colcon_meta']
[0.206s] Level 1:colcon.colcon_core.package_identification:_identify(src/perception_pkg) by extension 'colcon_meta'
[0.207s] Level 1:colcon.colcon_core.package_identification:_identify(src/perception_pkg) by extensions ['ros']
[0.207s] Level 1:colcon.colcon_core.package_identification:_identify(src/perception_pkg) by extension 'ros'
[0.207s] DEBUG:colcon.colcon_core.package_identification:Package 'src/perception_pkg' with type 'ros.ament_python' and name 'perception_pkg'
[0.208s] Level 1:colcon.colcon_core.package_identification:_identify(src/sensors_pkg) by extensions ['ignore', 'ignore_ament_install']
[0.208s] Level 1:colcon.colcon_core.package_identification:_identify(src/sensors_pkg) by extension 'ignore'
[0.208s] Level 1:colcon.colcon_core.package_identification:_identify(src/sensors_pkg) by extension 'ignore_ament_install'
[0.209s] Level 1:colcon.colcon_core.package_identification:_identify(src/sensors_pkg) by extensions ['colcon_pkg']
[0.209s] Level 1:colcon.colcon_core.package_identification:_identify(src/sensors_pkg) by extension 'colcon_pkg'
[0.209s] Level 1:colcon.colcon_core.package_identification:_identify(src/sensors_pkg) by extensions ['colcon_meta']
[0.209s] Level 1:colcon.colcon_core.package_identification:_identify(src/sensors_pkg) by extension 'colcon_meta'
[0.209s] Level 1:colcon.colcon_core.package_identification:_identify(src/sensors_pkg) by extensions ['ros']
[0.209s] Level 1:colcon.colcon_core.package_identification:_identify(src/sensors_pkg) by extension 'ros'
[0.210s] DEBUG:colcon.colcon_core.package_identification:Package 'src/sensors_pkg' with type 'ros.ament_python' and name 'sensors_pkg'
[0.210s] Level 1:colcon.colcon_core.package_discovery:discover_packages(recursive) using defaults
[0.210s] Level 1:colcon.colcon_core.package_discovery:discover_packages(ignore) discover
[0.210s] Level 1:colcon.colcon_core.package_discovery:discover_packages(ignore) using defaults
[0.210s] Level 1:colcon.colcon_core.package_discovery:discover_packages(path) discover
[0.210s] Level 1:colcon.colcon_core.package_discovery:discover_packages(path) using defaults
[0.227s] Level 5:colcon.colcon_core.verb:set package 'emotion_pkg' build argument 'cmake_args' from command line to 'None'
[0.227s] Level 5:colcon.colcon_core.verb:set package 'emotion_pkg' build argument 'cmake_target' from command line to 'None'
[0.227s] Level 5:colcon.colcon_core.verb:set package 'emotion_pkg' build argument 'cmake_target_skip_unavailable' from command line to 'False'
[0.227s] Level 5:colcon.colcon_core.verb:set package 'emotion_pkg' build argument 'cmake_clean_cache' from command line to 'False'
[0.227s] Level 5:colcon.colcon_core.verb:set package 'emotion_pkg' build argument 'cmake_clean_first' from command line to 'False'
[0.227s] Level 5:colcon.colcon_core.verb:set package 'emotion_pkg' build argument 'cmake_force_configure' from command line to 'False'
[0.227s] Level 5:colcon.colcon_core.verb:set package 'emotion_pkg' build argument 'ament_cmake_args' from command line to 'None'
[0.227s] Level 5:colcon.colcon_core.verb:set package 'emotion_pkg' build argument 'catkin_cmake_args' from command line to 'None'
[0.227s] Level 5:colcon.colcon_core.verb:set package 'emotion_pkg' build argument 'catkin_skip_building_tests' from command line to 'False'
[0.227s] DEBUG:colcon.colcon_core.verb:Building package 'emotion_pkg' with the following arguments: {'ament_cmake_args': None, 'build_base': '/ball-e/ros2_ws/build/emotion_pkg', 'catkin_cmake_args': None, 'catkin_skip_building_tests': False, 'cmake_args': None, 'cmake_clean_cache': False, 'cmake_clean_first': False, 'cmake_force_configure': False, 'cmake_target': None, 'cmake_target_skip_unavailable': False, 'install_base': '/ball-e/ros2_ws/install/emotion_pkg', 'merge_install': False, 'path': '/ball-e/ros2_ws/src/emotion_pkg', 'symlink_install': True, 'test_result_base': None}
[0.228s] Level 5:colcon.colcon_core.verb:set package 'interaction_pkg' build argument 'cmake_args' from command line to 'None'
[0.228s] Level 5:colcon.colcon_core.verb:set package 'interaction_pkg' build argument 'cmake_target' from command line to 'None'
[0.228s] Level 5:colcon.colcon_core.verb:set package 'interaction_pkg' build argument 'cmake_target_skip_unavailable' from command line to 'False'
[0.228s] Level 5:colcon.colcon_core.verb:set package 'interaction_pkg' build argument 'cmake_clean_cache' from command line to 'False'
[0.228s] Level 5:colcon.colcon_core.verb:set package 'interaction_pkg' build argument 'cmake_clean_first' from command line to 'False'
[0.228s] Level 5:colcon.colcon_core.verb:set package 'interaction_pkg' build argument 'cmake_force_configure' from command line to 'False'
[0.228s] Level 5:colcon.colcon_core.verb:set package 'interaction_pkg' build argument 'ament_cmake_args' from command line to 'None'
[0.228s] Level 5:colcon.colcon_core.verb:set package 'interaction_pkg' build argument 'catkin_cmake_args' from command line to 'None'
[0.228s] Level 5:colcon.colcon_core.verb:set package 'interaction_pkg' build argument 'catkin_skip_building_tests' from command line to 'False'
[0.228s] DEBUG:colcon.colcon_core.verb:Building package 'interaction_pkg' with the following arguments: {'ament_cmake_args': None, 'build_base': '/ball-e/ros2_ws/build/interaction_pkg', 'catkin_cmake_args': None, 'catkin_skip_building_tests': False, 'cmake_args': None, 'cmake_clean_cache': False, 'cmake_clean_first': False, 'cmake_force_configure': False, 'cmake_target': None, 'cmake_target_skip_unavailable': False, 'install_base': '/ball-e/ros2_ws/install/interaction_pkg', 'merge_install': False, 'path': '/ball-e/ros2_ws/src/interaction_pkg', 'symlink_install': True, 'test_result_base': None}
[0.228s] Level 5:colcon.colcon_core.verb:set package 'msgs_interfaces' build argument 'cmake_args' from command line to 'None'
[0.229s] Level 5:colcon.colcon_core.verb:set package 'msgs_interfaces' build argument 'cmake_target' from command line to 'None'
[0.229s] Level 5:colcon.colcon_core.verb:set package 'msgs_interfaces' build argument 'cmake_target_skip_unavailable' from command line to 'False'
[0.229s] Level 5:colcon.colcon_core.verb:set package 'msgs_interfaces' build argument 'cmake_clean_cache' from command line to 'False'
[0.229s] Level 5:colcon.colcon_core.verb:set package 'msgs_interfaces' build argument 'cmake_clean_first' from command line to 'False'
[0.229s] Level 5:colcon.colcon_core.verb:set package 'msgs_interfaces' build argument 'cmake_force_configure' from command line to 'False'
[0.229s] Level 5:colcon.colcon_core.verb:set package 'msgs_interfaces' build argument 'ament_cmake_args' from command line to 'None'
[0.229s] Level 5:colcon.colcon_core.verb:set package 'msgs_interfaces' build argument 'catkin_cmake_args' from command line to 'None'
[0.229s] Level 5:colcon.colcon_core.verb:set package 'msgs_interfaces' build argument 'catkin_skip_building_tests' from command line to 'False'
[0.229s] DEBUG:colcon.colcon_core.verb:Building package 'msgs_interfaces' with the following arguments: {'ament_cmake_args': None, 'build_base': '/ball-e/ros2_ws/build/msgs_interfaces', 'catkin_cmake_args': None, 'catkin_skip_building_tests': False, 'cmake_args': None, 'cmake_clean_cache': False, 'cmake_clean_first': False, 'cmake_force_configure': False, 'cmake_target': None, 'cmake_target_skip_unavailable': False, 'install_base': '/ball-e/ros2_ws/install/msgs_interfaces', 'merge_install': False, 'path': '/ball-e/ros2_ws/src/msgs_interfaces', 'symlink_install': True, 'test_result_base': None}
[0.229s] Level 5:colcon.colcon_core.verb:set package 'navigation_pkg' build argument 'cmake_args' from command line to 'None'
[0.229s] Level 5:colcon.colcon_core.verb:set package 'navigation_pkg' build argument 'cmake_target' from command line to 'None'
[0.229s] Level 5:colcon.colcon_core.verb:set package 'navigation_pkg' build argument 'cmake_target_skip_unavailable' from command line to 'False'
[0.229s] Level 5:colcon.colcon_core.verb:set package 'navigation_pkg' build argument 'cmake_clean_cache' from command line to 'False'
[0.229s] Level 5:colcon.colcon_core.verb:set package 'navigation_pkg' build argument 'cmake_clean_first' from command line to 'False'
[0.229s] Level 5:colcon.colcon_core.verb:set package 'navigation_pkg' build argument 'cmake_force_configure' from command line to 'False'
[0.229s] Level 5:colcon.colcon_core.verb:set package 'navigation_pkg' build argument 'ament_cmake_args' from command line to 'None'
[0.230s] Level 5:colcon.colcon_core.verb:set package 'navigation_pkg' build argument 'catkin_cmake_args' from command line to 'None'
[0.230s] Level 5:colcon.colcon_core.verb:set package 'navigation_pkg' build argument 'catkin_skip_building_tests' from command line to 'False'
[0.230s] DEBUG:colcon.colcon_core.verb:Building package 'navigation_pkg' with the following arguments: {'ament_cmake_args': None, 'build_base': '/ball-e/ros2_ws/build/navigation_pkg', 'catkin_cmake_args': None, 'catkin_skip_building_tests': False, 'cmake_args': None, 'cmake_clean_cache': False, 'cmake_clean_first': False, 'cmake_force_configure': False, 'cmake_target': None, 'cmake_target_skip_unavailable': False, 'install_base': '/ball-e/ros2_ws/install/navigation_pkg', 'merge_install': False, 'path': '/ball-e/ros2_ws/src/navigation_pkg', 'symlink_install': True, 'test_result_base': None}
[0.230s] Level 5:colcon.colcon_core.verb:set package 'perception_pkg' build argument 'cmake_args' from command line to 'None'
[0.230s] Level 5:colcon.colcon_core.verb:set package 'perception_pkg' build argument 'cmake_target' from command line to 'None'
[0.230s] Level 5:colcon.colcon_core.verb:set package 'perception_pkg' build argument 'cmake_target_skip_unavailable' from command line to 'False'
[0.230s] Level 5:colcon.colcon_core.verb:set package 'perception_pkg' build argument 'cmake_clean_cache' from command line to 'False'
[0.230s] Level 5:colcon.colcon_core.verb:set package 'perception_pkg' build argument 'cmake_clean_first' from command line to 'False'
[0.230s] Level 5:colcon.colcon_core.verb:set package 'perception_pkg' build argument 'cmake_force_configure' from command line to 'False'
[0.230s] Level 5:colcon.colcon_core.verb:set package 'perception_pkg' build argument 'ament_cmake_args' from command line to 'None'
[0.230s] Level 5:colcon.colcon_core.verb:set package 'perception_pkg' build argument 'catkin_cmake_args' from command line to 'None'
[0.230s] Level 5:colcon.colcon_core.verb:set package 'perception_pkg' build argument 'catkin_skip_building_tests' from command line to 'False'
[0.230s] DEBUG:colcon.colcon_core.verb:Building package 'perception_pkg' with the following arguments: {'ament_cmake_args': None, 'build_base': '/ball-e/ros2_ws/build/perception_pkg', 'catkin_cmake_args': None, 'catkin_skip_building_tests': False, 'cmake_args': None, 'cmake_clean_cache': False, 'cmake_clean_first': False, 'cmake_force_configure': False, 'cmake_target': None, 'cmake_target_skip_unavailable': False, 'install_base': '/ball-e/ros2_ws/install/perception_pkg', 'merge_install': False, 'path': '/ball-e/ros2_ws/src/perception_pkg', 'symlink_install': True, 'test_result_base': None}
[0.231s] Level 5:colcon.colcon_core.verb:set package 'sensors_pkg' build argument 'cmake_args' from command line to 'None'
[0.231s] Level 5:colcon.colcon_core.verb:set package 'sensors_pkg' build argument 'cmake_target' from command line to 'None'
[0.231s] Level 5:colcon.colcon_core.verb:set package 'sensors_pkg' build argument 'cmake_target_skip_unavailable' from command line to 'False'
[0.231s] Level 5:colcon.colcon_core.verb:set package 'sensors_pkg' build argument 'cmake_clean_cache' from command line to 'False'
[0.231s] Level 5:colcon.colcon_core.verb:set package 'sensors_pkg' build argument 'cmake_clean_first' from command line to 'False'
[0.231s] Level 5:colcon.colcon_core.verb:set package 'sensors_pkg' build argument 'cmake_force_configure' from command line to 'False'
[0.231s] Level 5:colcon.colcon_core.verb:set package 'sensors_pkg' build argument 'ament_cmake_args' from command line to 'None'
[0.231s] Level 5:colcon.colcon_core.verb:set package 'sensors_pkg' build argument 'catkin_cmake_args' from command line to 'None'
[0.231s] Level 5:colcon.colcon_core.verb:set package 'sensors_pkg' build argument 'catkin_skip_building_tests' from command line to 'False'
[0.231s] DEBUG:colcon.colcon_core.verb:Building package 'sensors_pkg' with the following arguments: {'ament_cmake_args': None, 'build_base': '/ball-e/ros2_ws/build/sensors_pkg', 'catkin_cmake_args': None, 'catkin_skip_building_tests': False, 'cmake_args': None, 'cmake_clean_cache': False, 'cmake_clean_first': False, 'cmake_force_configure': False, 'cmake_target': None, 'cmake_target_skip_unavailable': False, 'install_base': '/ball-e/ros2_ws/install/sensors_pkg', 'merge_install': False, 'path': '/ball-e/ros2_ws/src/sensors_pkg', 'symlink_install': True, 'test_result_base': None}
[0.231s] INFO:colcon.colcon_core.executor:Executing jobs using 'parallel' executor
[0.232s] DEBUG:colcon.colcon_parallel_executor.executor.parallel:run_until_complete
[0.233s] INFO:colcon.colcon_ros.task.ament_python.build:Building ROS package in '/ball-e/ros2_ws/src/emotion_pkg' with build type 'ament_python'
[0.233s] Level 1:colcon.colcon_core.shell:create_environment_hook('emotion_pkg', 'ament_prefix_path')
[0.235s] INFO:colcon.colcon_core.plugin_system:Skipping extension 'colcon_core.shell.bat': Not used on non-Windows systems
[0.235s] INFO:colcon.colcon_core.shell:Creating environment hook '/ball-e/ros2_ws/install/emotion_pkg/share/emotion_pkg/hook/ament_prefix_path.ps1'
[0.237s] INFO:colcon.colcon_core.shell:Creating environment descriptor '/ball-e/ros2_ws/install/emotion_pkg/share/emotion_pkg/hook/ament_prefix_path.dsv'
[0.239s] INFO:colcon.colcon_core.shell:Creating environment hook '/ball-e/ros2_ws/install/emotion_pkg/share/emotion_pkg/hook/ament_prefix_path.sh'
[0.240s] INFO:colcon.colcon_core.shell:Skip shell extension 'powershell' for command environment: Not usable outside of PowerShell
[0.240s] DEBUG:colcon.colcon_core.shell:Skip shell extension 'dsv' for command environment
[0.241s] WARNING:colcon.colcon_ros.prefix_path.ament:The path '/ball-e/ros2_ws/install/sensors_pkg' in the environment variable AMENT_PREFIX_PATH doesn't exist
[0.241s] WARNING:colcon.colcon_ros.prefix_path.ament:The path '/ball-e/ros2_ws/install/perception_pkg' in the environment variable AMENT_PREFIX_PATH doesn't exist
[0.241s] WARNING:colcon.colcon_ros.prefix_path.ament:The path '/ball-e/ros2_ws/install/navigation_pkg' in the environment variable AMENT_PREFIX_PATH doesn't exist
[0.242s] WARNING:colcon.colcon_ros.prefix_path.ament:The path '/ball-e/ros2_ws/install/msgs_interfaces' in the environment variable AMENT_PREFIX_PATH doesn't exist
[0.242s] WARNING:colcon.colcon_ros.prefix_path.ament:The path '/ball-e/ros2_ws/install/interaction_pkg' in the environment variable AMENT_PREFIX_PATH doesn't exist
[0.242s] WARNING:colcon.colcon_ros.prefix_path.catkin:The path '/ball-e/ros2_ws/install/msgs_interfaces' in the environment variable CMAKE_PREFIX_PATH doesn't exist
[0.247s] INFO:colcon.colcon_ros.task.ament_python.build:Building ROS package in '/ball-e/ros2_ws/src/interaction_pkg' with build type 'ament_python'
[0.247s] Level 1:colcon.colcon_core.shell:create_environment_hook('interaction_pkg', 'ament_prefix_path')
[0.248s] INFO:colcon.colcon_core.shell:Creating environment hook '/ball-e/ros2_ws/install/interaction_pkg/share/interaction_pkg/hook/ament_prefix_path.ps1'
[0.249s] INFO:colcon.colcon_core.shell:Creating environment descriptor '/ball-e/ros2_ws/install/interaction_pkg/share/interaction_pkg/hook/ament_prefix_path.dsv'
[0.250s] INFO:colcon.colcon_core.shell:Creating environment hook '/ball-e/ros2_ws/install/interaction_pkg/share/interaction_pkg/hook/ament_prefix_path.sh'
[0.251s] INFO:colcon.colcon_core.shell:Skip shell extension 'powershell' for command environment: Not usable outside of PowerShell
[0.251s] DEBUG:colcon.colcon_core.shell:Skip shell extension 'dsv' for command environment
[0.257s] INFO:colcon.colcon_ros.task.ament_cmake.build:Building ROS package in '/ball-e/ros2_ws/src/msgs_interfaces' with build type 'ament_cmake'
[0.257s] INFO:colcon.colcon_cmake.task.cmake.build:Building CMake package in '/ball-e/ros2_ws/src/msgs_interfaces'
[0.257s] INFO:colcon.colcon_core.shell:Skip shell extension 'powershell' for command environment: Not usable outside of PowerShell
[0.258s] DEBUG:colcon.colcon_core.shell:Skip shell extension 'dsv' for command environment
[0.264s] INFO:colcon.colcon_ros.task.ament_python.build:Building ROS package in '/ball-e/ros2_ws/src/navigation_pkg' with build type 'ament_python'
[0.264s] Level 1:colcon.colcon_core.shell:create_environment_hook('navigation_pkg', 'ament_prefix_path')
[0.264s] INFO:colcon.colcon_core.shell:Creating environment hook '/ball-e/ros2_ws/install/navigation_pkg/share/navigation_pkg/hook/ament_prefix_path.ps1'
[0.267s] INFO:colcon.colcon_core.shell:Creating environment descriptor '/ball-e/ros2_ws/install/navigation_pkg/share/navigation_pkg/hook/ament_prefix_path.dsv'
[0.268s] INFO:colcon.colcon_core.shell:Creating environment hook '/ball-e/ros2_ws/install/navigation_pkg/share/navigation_pkg/hook/ament_prefix_path.sh'
[0.270s] INFO:colcon.colcon_core.shell:Skip shell extension 'powershell' for command environment: Not usable outside of PowerShell
[0.270s] DEBUG:colcon.colcon_core.shell:Skip shell extension 'dsv' for command environment
[0.277s] INFO:colcon.colcon_ros.task.ament_python.build:Building ROS package in '/ball-e/ros2_ws/src/perception_pkg' with build type 'ament_python'
[0.277s] Level 1:colcon.colcon_core.shell:create_environment_hook('perception_pkg', 'ament_prefix_path')
[0.277s] INFO:colcon.colcon_core.shell:Creating environment hook '/ball-e/ros2_ws/install/perception_pkg/share/perception_pkg/hook/ament_prefix_path.ps1'
[0.279s] INFO:colcon.colcon_core.shell:Creating environment descriptor '/ball-e/ros2_ws/install/perception_pkg/share/perception_pkg/hook/ament_prefix_path.dsv'
[0.281s] INFO:colcon.colcon_core.shell:Creating environment hook '/ball-e/ros2_ws/install/perception_pkg/share/perception_pkg/hook/ament_prefix_path.sh'
[0.282s] INFO:colcon.colcon_core.shell:Skip shell extension 'powershell' for command environment: Not usable outside of PowerShell
[0.282s] DEBUG:colcon.colcon_core.shell:Skip shell extension 'dsv' for command environment
[0.289s] INFO:colcon.colcon_ros.task.ament_python.build:Building ROS package in '/ball-e/ros2_ws/src/sensors_pkg' with build type 'ament_python'
[0.289s] Level 1:colcon.colcon_core.shell:create_environment_hook('sensors_pkg', 'ament_prefix_path')
[0.289s] INFO:colcon.colcon_core.shell:Creating environment hook '/ball-e/ros2_ws/install/sensors_pkg/share/sensors_pkg/hook/ament_prefix_path.ps1'
[0.291s] INFO:colcon.colcon_core.shell:Creating environment descriptor '/ball-e/ros2_ws/install/sensors_pkg/share/sensors_pkg/hook/ament_prefix_path.dsv'
[0.292s] INFO:colcon.colcon_core.shell:Creating environment hook '/ball-e/ros2_ws/install/sensors_pkg/share/sensors_pkg/hook/ament_prefix_path.sh'
[0.293s] INFO:colcon.colcon_core.shell:Skip shell extension 'powershell' for command environment: Not usable outside of PowerShell
[0.293s] DEBUG:colcon.colcon_core.shell:Skip shell extension 'dsv' for command environment
[0.506s] INFO:colcon.colcon_core.task.python.build:Building Python package in '/ball-e/ros2_ws/src/emotion_pkg'
[0.506s] INFO:colcon.colcon_core.shell:Skip shell extension 'powershell' for command environment: Not usable outside of PowerShell
[0.506s] DEBUG:colcon.colcon_core.shell:Skip shell extension 'dsv' for command environment
[0.700s] INFO:colcon.colcon_core.task.python.build:Building Python package in '/ball-e/ros2_ws/src/interaction_pkg'
[0.701s] INFO:colcon.colcon_core.shell:Skip shell extension 'powershell' for command environment: Not usable outside of PowerShell
[0.701s] DEBUG:colcon.colcon_core.shell:Skip shell extension 'dsv' for command environment
[0.715s] DEBUG:colcon.colcon_core.event_handler.log_command:Invoking command in '/ball-e/ros2_ws/build/msgs_interfaces': CMAKE_PREFIX_PATH=${CMAKE_PREFIX_PATH}:/ball-e/ros2_ws/install/sensors_pkg:/ball-e/ros2_ws/install/perception_pkg:/ball-e/ros2_ws/install/navigation_pkg:/ball-e/ros2_ws/install/interaction_pkg:/ball-e/ros2_ws/install/emotion_pkg:/opt/ros/jazzy VIRTUAL_ENV_PROMPT=(ml_env) /usr/bin/cmake /ball-e/ros2_ws/src/msgs_interfaces -DAMENT_CMAKE_SYMLINK_INSTALL=1 -DCMAKE_INSTALL_PREFIX=/ball-e/ros2_ws/install/msgs_interfaces
[0.921s] INFO:colcon.colcon_core.task.python.build:Building Python package in '/ball-e/ros2_ws/src/navigation_pkg'
[0.921s] INFO:colcon.colcon_core.shell:Skip shell extension 'powershell' for command environment: Not usable outside of PowerShell
[0.921s] DEBUG:colcon.colcon_core.shell:Skip shell extension 'dsv' for command environment
[1.139s] INFO:colcon.colcon_core.task.python.build:Building Python package in '/ball-e/ros2_ws/src/perception_pkg'
[1.140s] INFO:colcon.colcon_core.shell:Skip shell extension 'powershell' for command environment: Not usable outside of PowerShell
[1.140s] DEBUG:colcon.colcon_core.shell:Skip shell extension 'dsv' for command environment
[1.357s] INFO:colcon.colcon_core.task.python.build:Building Python package in '/ball-e/ros2_ws/src/sensors_pkg'
[1.357s] INFO:colcon.colcon_core.shell:Skip shell extension 'powershell' for command environment: Not usable outside of PowerShell
[1.358s] DEBUG:colcon.colcon_core.shell:Skip shell extension 'dsv' for command environment
[1.826s] DEBUG:colcon.colcon_core.event_handler.log_command:Invoking command in '/ball-e/ros2_ws/build/navigation_pkg': PYTHONPATH=/ball-e/ros2_ws/build/navigation_pkg/prefix_override:/home/ubuntu/ml_env/lib/python3.12/site-packages/colcon_core/task/python/colcon_distutils_commands:/ball-e/ros2_ws/install/navigation_pkg/lib/python3.12/site-packages:${PYTHONPATH} VIRTUAL_ENV_PROMPT=(ml_env) /home/ubuntu/ml_env/bin/python3 -W ignore:setup.py install is deprecated -W ignore:easy_install command is deprecated setup.py develop --editable --build-directory /ball-e/ros2_ws/build/navigation_pkg/build --no-deps symlink_data
[1.837s] DEBUG:colcon.colcon_core.event_handler.log_command:Invoking command in '/ball-e/ros2_ws/build/perception_pkg': PYTHONPATH=/ball-e/ros2_ws/build/perception_pkg/prefix_override:/home/ubuntu/ml_env/lib/python3.12/site-packages/colcon_core/task/python/colcon_distutils_commands:/ball-e/ros2_ws/install/perception_pkg/lib/python3.12/site-packages:${PYTHONPATH} VIRTUAL_ENV_PROMPT=(ml_env) /home/ubuntu/ml_env/bin/python3 -W ignore:setup.py install is deprecated -W ignore:easy_install command is deprecated setup.py develop --editable --build-directory /ball-e/ros2_ws/build/perception_pkg/build --no-deps symlink_data
[1.845s] DEBUG:colcon.colcon_core.event_handler.log_command:Invoking command in '/ball-e/ros2_ws/build/interaction_pkg': PYTHONPATH=/ball-e/ros2_ws/build/interaction_pkg/prefix_override:/home/ubuntu/ml_env/lib/python3.12/site-packages/colcon_core/task/python/colcon_distutils_commands:/ball-e/ros2_ws/install/interaction_pkg/lib/python3.12/site-packages:${PYTHONPATH} VIRTUAL_ENV_PROMPT=(ml_env) /home/ubuntu/ml_env/bin/python3 -W ignore:setup.py install is deprecated -W ignore:easy_install command is deprecated setup.py develop --editable --build-directory /ball-e/ros2_ws/build/interaction_pkg/build --no-deps symlink_data
[1.879s] DEBUG:colcon.colcon_core.event_handler.log_command:Invoking command in '/ball-e/ros2_ws/build/emotion_pkg': PYTHONPATH=/ball-e/ros2_ws/build/emotion_pkg/prefix_override:/home/ubuntu/ml_env/lib/python3.12/site-packages/colcon_core/task/python/colcon_distutils_commands:/ball-e/ros2_ws/install/emotion_pkg/lib/python3.12/site-packages:${PYTHONPATH} VIRTUAL_ENV_PROMPT=(ml_env) /home/ubuntu/ml_env/bin/python3 -W ignore:setup.py install is deprecated -W ignore:easy_install command is deprecated setup.py develop --editable --build-directory /ball-e/ros2_ws/build/emotion_pkg/build --no-deps symlink_data
[1.895s] DEBUG:colcon.colcon_core.event_handler.log_command:Invoking command in '/ball-e/ros2_ws/build/sensors_pkg': PYTHONPATH=/ball-e/ros2_ws/build/sensors_pkg/prefix_override:/home/ubuntu/ml_env/lib/python3.12/site-packages/colcon_core/task/python/colcon_distutils_commands:/ball-e/ros2_ws/install/sensors_pkg/lib/python3.12/site-packages:${PYTHONPATH} VIRTUAL_ENV_PROMPT=(ml_env) /home/ubuntu/ml_env/bin/python3 -W ignore:setup.py install is deprecated -W ignore:easy_install command is deprecated setup.py develop --editable --build-directory /ball-e/ros2_ws/build/sensors_pkg/build --no-deps symlink_data
[2.060s] DEBUG:colcon.colcon_core.event_handler.log_command:Invoked command in '/ball-e/ros2_ws/build/msgs_interfaces' returned '0': CMAKE_PREFIX_PATH=${CMAKE_PREFIX_PATH}:/ball-e/ros2_ws/install/sensors_pkg:/ball-e/ros2_ws/install/perception_pkg:/ball-e/ros2_ws/install/navigation_pkg:/ball-e/ros2_ws/install/interaction_pkg:/ball-e/ros2_ws/install/emotion_pkg:/opt/ros/jazzy VIRTUAL_ENV_PROMPT=(ml_env) /usr/bin/cmake /ball-e/ros2_ws/src/msgs_interfaces -DAMENT_CMAKE_SYMLINK_INSTALL=1 -DCMAKE_INSTALL_PREFIX=/ball-e/ros2_ws/install/msgs_interfaces
[2.061s] DEBUG:colcon.colcon_core.event_handler.log_command:Invoking command in '/ball-e/ros2_ws/build/msgs_interfaces': CMAKE_PREFIX_PATH=${CMAKE_PREFIX_PATH}:/ball-e/ros2_ws/install/sensors_pkg:/ball-e/ros2_ws/install/perception_pkg:/ball-e/ros2_ws/install/navigation_pkg:/ball-e/ros2_ws/install/interaction_pkg:/ball-e/ros2_ws/install/emotion_pkg:/opt/ros/jazzy VIRTUAL_ENV_PROMPT=(ml_env) /usr/bin/cmake --build /ball-e/ros2_ws/build/msgs_interfaces -- -j28 -l28
[2.118s] DEBUG:colcon.colcon_core.event_handler.log_command:Invoked command in '/ball-e/ros2_ws/build/msgs_interfaces' returned '0': CMAKE_PREFIX_PATH=${CMAKE_PREFIX_PATH}:/ball-e/ros2_ws/install/sensors_pkg:/ball-e/ros2_ws/install/perception_pkg:/ball-e/ros2_ws/install/navigation_pkg:/ball-e/ros2_ws/install/interaction_pkg:/ball-e/ros2_ws/install/emotion_pkg:/opt/ros/jazzy VIRTUAL_ENV_PROMPT=(ml_env) /usr/bin/cmake --build /ball-e/ros2_ws/build/msgs_interfaces -- -j28 -l28
[2.140s] DEBUG:colcon.colcon_core.event_handler.log_command:Invoking command in '/ball-e/ros2_ws/build/msgs_interfaces': CMAKE_PREFIX_PATH=${CMAKE_PREFIX_PATH}:/ball-e/ros2_ws/install/sensors_pkg:/ball-e/ros2_ws/install/perception_pkg:/ball-e/ros2_ws/install/navigation_pkg:/ball-e/ros2_ws/install/interaction_pkg:/ball-e/ros2_ws/install/emotion_pkg:/opt/ros/jazzy VIRTUAL_ENV_PROMPT=(ml_env) /usr/bin/cmake --install /ball-e/ros2_ws/build/msgs_interfaces
[2.361s] Level 1:colcon.colcon_core.environment:create_environment_scripts_only(msgs_interfaces)
[2.364s] DEBUG:colcon.colcon_core.event_handler.log_command:Invoked command in '/ball-e/ros2_ws/build/msgs_interfaces' returned '0': CMAKE_PREFIX_PATH=${CMAKE_PREFIX_PATH}:/ball-e/ros2_ws/install/sensors_pkg:/ball-e/ros2_ws/install/perception_pkg:/ball-e/ros2_ws/install/navigation_pkg:/ball-e/ros2_ws/install/interaction_pkg:/ball-e/ros2_ws/install/emotion_pkg:/opt/ros/jazzy VIRTUAL_ENV_PROMPT=(ml_env) /usr/bin/cmake --install /ball-e/ros2_ws/build/msgs_interfaces
[2.365s] Level 1:colcon.colcon_core.environment:checking '/ball-e/ros2_ws/install/msgs_interfaces' for CMake module files
[2.374s] Level 1:colcon.colcon_core.environment:checking '/ball-e/ros2_ws/install/msgs_interfaces' for CMake config files
[2.380s] Level 1:colcon.colcon_core.shell:create_environment_hook('msgs_interfaces', 'cmake_prefix_path')
[2.380s] INFO:colcon.colcon_core.shell:Creating environment hook '/ball-e/ros2_ws/install/msgs_interfaces/share/msgs_interfaces/hook/cmake_prefix_path.ps1'
[2.382s] INFO:colcon.colcon_core.shell:Creating environment descriptor '/ball-e/ros2_ws/install/msgs_interfaces/share/msgs_interfaces/hook/cmake_prefix_path.dsv'
[2.383s] INFO:colcon.colcon_core.shell:Creating environment hook '/ball-e/ros2_ws/install/msgs_interfaces/share/msgs_interfaces/hook/cmake_prefix_path.sh'
[2.385s] Level 1:colcon.colcon_core.environment:checking '/ball-e/ros2_ws/install/msgs_interfaces/bin'
[2.385s] Level 1:colcon.colcon_core.environment:checking '/ball-e/ros2_ws/install/msgs_interfaces/lib/pkgconfig/msgs_interfaces.pc'
[2.386s] Level 1:colcon.colcon_core.environment:checking '/ball-e/ros2_ws/install/msgs_interfaces/lib/python3.12/site-packages'
[2.386s] Level 1:colcon.colcon_core.environment:checking '/ball-e/ros2_ws/install/msgs_interfaces/bin'
[2.387s] INFO:colcon.colcon_core.shell:Creating package script '/ball-e/ros2_ws/install/msgs_interfaces/share/msgs_interfaces/package.ps1'
[2.390s] INFO:colcon.colcon_core.shell:Creating package descriptor '/ball-e/ros2_ws/install/msgs_interfaces/share/msgs_interfaces/package.dsv'
[2.392s] INFO:colcon.colcon_core.shell:Creating package script '/ball-e/ros2_ws/install/msgs_interfaces/share/msgs_interfaces/package.sh'
[2.396s] INFO:colcon.colcon_core.shell:Creating package script '/ball-e/ros2_ws/install/msgs_interfaces/share/msgs_interfaces/package.bash'
[2.398s] INFO:colcon.colcon_core.shell:Creating package script '/ball-e/ros2_ws/install/msgs_interfaces/share/msgs_interfaces/package.zsh'
[2.400s] Level 1:colcon.colcon_core.environment:create_file_with_runtime_dependencies(/ball-e/ros2_ws/install/msgs_interfaces/share/colcon-core/packages/msgs_interfaces)
[2.403s] Level 1:colcon.colcon_core.environment:create_environment_scripts_only(msgs_interfaces)
[2.404s] Level 1:colcon.colcon_core.environment:checking '/ball-e/ros2_ws/install/msgs_interfaces' for CMake module files
[2.414s] Level 1:colcon.colcon_core.environment:checking '/ball-e/ros2_ws/install/msgs_interfaces' for CMake config files
[2.418s] Level 1:colcon.colcon_core.shell:create_environment_hook('msgs_interfaces', 'cmake_prefix_path')
[2.418s] INFO:colcon.colcon_core.shell:Creating environment hook '/ball-e/ros2_ws/install/msgs_interfaces/share/msgs_interfaces/hook/cmake_prefix_path.ps1'
[2.420s] INFO:colcon.colcon_core.shell:Creating environment descriptor '/ball-e/ros2_ws/install/msgs_interfaces/share/msgs_interfaces/hook/cmake_prefix_path.dsv'
[2.422s] INFO:colcon.colcon_core.shell:Creating environment hook '/ball-e/ros2_ws/install/msgs_interfaces/share/msgs_interfaces/hook/cmake_prefix_path.sh'
[2.424s] Level 1:colcon.colcon_core.environment:checking '/ball-e/ros2_ws/install/msgs_interfaces/bin'
[2.424s] Level 1:colcon.colcon_core.environment:checking '/ball-e/ros2_ws/install/msgs_interfaces/lib/pkgconfig/msgs_interfaces.pc'
[2.425s] Level 1:colcon.colcon_core.environment:checking '/ball-e/ros2_ws/install/msgs_interfaces/lib/python3.12/site-packages'
[2.426s] Level 1:colcon.colcon_core.environment:checking '/ball-e/ros2_ws/install/msgs_interfaces/bin'
[2.426s] INFO:colcon.colcon_core.shell:Creating package script '/ball-e/ros2_ws/install/msgs_interfaces/share/msgs_interfaces/package.ps1'
[2.428s] INFO:colcon.colcon_core.shell:Creating package descriptor '/ball-e/ros2_ws/install/msgs_interfaces/share/msgs_interfaces/package.dsv'
[2.430s] INFO:colcon.colcon_core.shell:Creating package script '/ball-e/ros2_ws/install/msgs_interfaces/share/msgs_interfaces/package.sh'
[2.431s] INFO:colcon.colcon_core.shell:Creating package script '/ball-e/ros2_ws/install/msgs_interfaces/share/msgs_interfaces/package.bash'
[2.432s] INFO:colcon.colcon_core.shell:Creating package script '/ball-e/ros2_ws/install/msgs_interfaces/share/msgs_interfaces/package.zsh'
[2.434s] Level 1:colcon.colcon_core.environment:create_file_with_runtime_dependencies(/ball-e/ros2_ws/install/msgs_interfaces/share/colcon-core/packages/msgs_interfaces)
[2.437s] Level 1:colcon.colcon_core.shell:create_environment_hook('navigation_pkg', 'pythonpath_develop')
[2.437s] INFO:colcon.colcon_core.shell:Creating environment hook '/ball-e/ros2_ws/build/navigation_pkg/share/navigation_pkg/hook/pythonpath_develop.ps1'
[2.439s] DEBUG:colcon.colcon_core.event_handler.log_command:Invoked command in '/ball-e/ros2_ws/build/navigation_pkg' returned '0': PYTHONPATH=/ball-e/ros2_ws/build/navigation_pkg/prefix_override:/home/ubuntu/ml_env/lib/python3.12/site-packages/colcon_core/task/python/colcon_distutils_commands:/ball-e/ros2_ws/install/navigation_pkg/lib/python3.12/site-packages:${PYTHONPATH} VIRTUAL_ENV_PROMPT=(ml_env) /home/ubuntu/ml_env/bin/python3 -W ignore:setup.py install is deprecated -W ignore:easy_install command is deprecated setup.py develop --editable --build-directory /ball-e/ros2_ws/build/navigation_pkg/build --no-deps symlink_data
[2.441s] INFO:colcon.colcon_core.shell:Creating environment descriptor '/ball-e/ros2_ws/build/navigation_pkg/share/navigation_pkg/hook/pythonpath_develop.dsv'
[2.445s] INFO:colcon.colcon_core.shell:Creating environment hook '/ball-e/ros2_ws/build/navigation_pkg/share/navigation_pkg/hook/pythonpath_develop.sh'
[2.447s] Level 1:colcon.colcon_core.environment:checking '/ball-e/ros2_ws/install/navigation_pkg' for CMake module files
[2.449s] Level 1:colcon.colcon_core.environment:checking '/ball-e/ros2_ws/install/navigation_pkg' for CMake config files
[2.452s] Level 1:colcon.colcon_core.environment:checking '/ball-e/ros2_ws/install/navigation_pkg/lib'
[2.453s] Level 1:colcon.colcon_core.environment:checking '/ball-e/ros2_ws/install/navigation_pkg/bin'
[2.453s] Level 1:colcon.colcon_core.environment:checking '/ball-e/ros2_ws/install/navigation_pkg/lib/pkgconfig/navigation_pkg.pc'
[2.454s] Level 1:colcon.colcon_core.environment:checking '/ball-e/ros2_ws/install/navigation_pkg/lib/python3.12/site-packages'
[2.454s] Level 1:colcon.colcon_core.shell:create_environment_hook('navigation_pkg', 'pythonpath')
[2.455s] INFO:colcon.colcon_core.shell:Creating environment hook '/ball-e/ros2_ws/install/navigation_pkg/share/navigation_pkg/hook/pythonpath.ps1'
[2.457s] INFO:colcon.colcon_core.shell:Creating environment descriptor '/ball-e/ros2_ws/install/navigation_pkg/share/navigation_pkg/hook/pythonpath.dsv'
[2.459s] INFO:colcon.colcon_core.shell:Creating environment hook '/ball-e/ros2_ws/install/navigation_pkg/share/navigation_pkg/hook/pythonpath.sh'
[2.461s] Level 1:colcon.colcon_core.environment:checking '/ball-e/ros2_ws/install/navigation_pkg/bin'
[2.461s] Level 1:colcon.colcon_core.environment:create_environment_scripts_only(navigation_pkg)
[2.461s] INFO:colcon.colcon_core.shell:Creating package script '/ball-e/ros2_ws/install/navigation_pkg/share/navigation_pkg/package.ps1'
[2.463s] INFO:colcon.colcon_core.shell:Creating package descriptor '/ball-e/ros2_ws/install/navigation_pkg/share/navigation_pkg/package.dsv'
[2.465s] INFO:colcon.colcon_core.shell:Creating package script '/ball-e/ros2_ws/install/navigation_pkg/share/navigation_pkg/package.sh'
[2.466s] INFO:colcon.colcon_core.shell:Creating package script '/ball-e/ros2_ws/install/navigation_pkg/share/navigation_pkg/package.bash'
[2.468s] INFO:colcon.colcon_core.shell:Creating package script '/ball-e/ros2_ws/install/navigation_pkg/share/navigation_pkg/package.zsh'
[2.469s] Level 1:colcon.colcon_core.environment:create_file_with_runtime_dependencies(/ball-e/ros2_ws/install/navigation_pkg/share/colcon-core/packages/navigation_pkg)
[2.472s] Level 1:colcon.colcon_core.shell:create_environment_hook('interaction_pkg', 'pythonpath_develop')
[2.472s] INFO:colcon.colcon_core.shell:Creating environment hook '/ball-e/ros2_ws/build/interaction_pkg/share/interaction_pkg/hook/pythonpath_develop.ps1'
[2.475s] DEBUG:colcon.colcon_core.event_handler.log_command:Invoked command in '/ball-e/ros2_ws/build/interaction_pkg' returned '0': PYTHONPATH=/ball-e/ros2_ws/build/interaction_pkg/prefix_override:/home/ubuntu/ml_env/lib/python3.12/site-packages/colcon_core/task/python/colcon_distutils_commands:/ball-e/ros2_ws/install/interaction_pkg/lib/python3.12/site-packages:${PYTHONPATH} VIRTUAL_ENV_PROMPT=(ml_env) /home/ubuntu/ml_env/bin/python3 -W ignore:setup.py install is deprecated -W ignore:easy_install command is deprecated setup.py develop --editable --build-directory /ball-e/ros2_ws/build/interaction_pkg/build --no-deps symlink_data
[2.476s] INFO:colcon.colcon_core.shell:Creating environment descriptor '/ball-e/ros2_ws/build/interaction_pkg/share/interaction_pkg/hook/pythonpath_develop.dsv'
[2.478s] INFO:colcon.colcon_core.shell:Creating environment hook '/ball-e/ros2_ws/build/interaction_pkg/share/interaction_pkg/hook/pythonpath_develop.sh'
[2.481s] Level 1:colcon.colcon_core.environment:checking '/ball-e/ros2_ws/install/interaction_pkg' for CMake module files
[2.485s] Level 1:colcon.colcon_core.environment:checking '/ball-e/ros2_ws/install/interaction_pkg' for CMake config files
[2.489s] Level 1:colcon.colcon_core.environment:checking '/ball-e/ros2_ws/install/interaction_pkg/lib'
[2.489s] Level 1:colcon.colcon_core.environment:checking '/ball-e/ros2_ws/install/interaction_pkg/bin'
[2.490s] Level 1:colcon.colcon_core.environment:checking '/ball-e/ros2_ws/install/interaction_pkg/lib/pkgconfig/interaction_pkg.pc'
[2.491s] Level 1:colcon.colcon_core.environment:checking '/ball-e/ros2_ws/install/interaction_pkg/lib/python3.12/site-packages'
[2.491s] Level 1:colcon.colcon_core.shell:create_environment_hook('interaction_pkg', 'pythonpath')
[2.491s] INFO:colcon.colcon_core.shell:Creating environment hook '/ball-e/ros2_ws/install/interaction_pkg/share/interaction_pkg/hook/pythonpath.ps1'
[2.493s] INFO:colcon.colcon_core.shell:Creating environment descriptor '/ball-e/ros2_ws/install/interaction_pkg/share/interaction_pkg/hook/pythonpath.dsv'
[2.495s] INFO:colcon.colcon_core.shell:Creating environment hook '/ball-e/ros2_ws/install/interaction_pkg/share/interaction_pkg/hook/pythonpath.sh'
[2.497s] Level 1:colcon.colcon_core.environment:checking '/ball-e/ros2_ws/install/interaction_pkg/bin'
[2.497s] Level 1:colcon.colcon_core.environment:create_environment_scripts_only(interaction_pkg)
[2.497s] INFO:colcon.colcon_core.shell:Creating package script '/ball-e/ros2_ws/install/interaction_pkg/share/interaction_pkg/package.ps1'
[2.499s] INFO:colcon.colcon_core.shell:Creating package descriptor '/ball-e/ros2_ws/install/interaction_pkg/share/interaction_pkg/package.dsv'
[2.501s] INFO:colcon.colcon_core.shell:Creating package script '/ball-e/ros2_ws/install/interaction_pkg/share/interaction_pkg/package.sh'
[2.503s] INFO:colcon.colcon_core.shell:Creating package script '/ball-e/ros2_ws/install/interaction_pkg/share/interaction_pkg/package.bash'
[2.505s] INFO:colcon.colcon_core.shell:Creating package script '/ball-e/ros2_ws/install/interaction_pkg/share/interaction_pkg/package.zsh'
[2.507s] Level 1:colcon.colcon_core.environment:create_file_with_runtime_dependencies(/ball-e/ros2_ws/install/interaction_pkg/share/colcon-core/packages/interaction_pkg)
[2.509s] Level 1:colcon.colcon_core.shell:create_environment_hook('perception_pkg', 'pythonpath_develop')
[2.510s] INFO:colcon.colcon_core.shell:Creating environment hook '/ball-e/ros2_ws/build/perception_pkg/share/perception_pkg/hook/pythonpath_develop.ps1'
[2.513s] INFO:colcon.colcon_core.shell:Creating environment descriptor '/ball-e/ros2_ws/build/perception_pkg/share/perception_pkg/hook/pythonpath_develop.dsv'
[2.513s] DEBUG:colcon.colcon_core.event_handler.log_command:Invoked command in '/ball-e/ros2_ws/build/perception_pkg' returned '0': PYTHONPATH=/ball-e/ros2_ws/build/perception_pkg/prefix_override:/home/ubuntu/ml_env/lib/python3.12/site-packages/colcon_core/task/python/colcon_distutils_commands:/ball-e/ros2_ws/install/perception_pkg/lib/python3.12/site-packages:${PYTHONPATH} VIRTUAL_ENV_PROMPT=(ml_env) /home/ubuntu/ml_env/bin/python3 -W ignore:setup.py install is deprecated -W ignore:easy_install command is deprecated setup.py develop --editable --build-directory /ball-e/ros2_ws/build/perception_pkg/build --no-deps symlink_data
[2.514s] INFO:colcon.colcon_core.shell:Creating environment hook '/ball-e/ros2_ws/build/perception_pkg/share/perception_pkg/hook/pythonpath_develop.sh'
[2.515s] Level 1:colcon.colcon_core.environment:checking '/ball-e/ros2_ws/install/perception_pkg' for CMake module files
[2.517s] Level 1:colcon.colcon_core.environment:checking '/ball-e/ros2_ws/install/perception_pkg' for CMake config files
[2.519s] Level 1:colcon.colcon_core.environment:checking '/ball-e/ros2_ws/install/perception_pkg/lib'
[2.519s] Level 1:colcon.colcon_core.environment:checking '/ball-e/ros2_ws/install/perception_pkg/bin'
[2.519s] Level 1:colcon.colcon_core.environment:checking '/ball-e/ros2_ws/install/perception_pkg/lib/pkgconfig/perception_pkg.pc'
[2.520s] Level 1:colcon.colcon_core.environment:checking '/ball-e/ros2_ws/install/perception_pkg/lib/python3.12/site-packages'
[2.521s] Level 1:colcon.colcon_core.shell:create_environment_hook('perception_pkg', 'pythonpath')
[2.521s] INFO:colcon.colcon_core.shell:Creating environment hook '/ball-e/ros2_ws/install/perception_pkg/share/perception_pkg/hook/pythonpath.ps1'
[2.523s] INFO:colcon.colcon_core.shell:Creating environment descriptor '/ball-e/ros2_ws/install/perception_pkg/share/perception_pkg/hook/pythonpath.dsv'
[2.524s] INFO:colcon.colcon_core.shell:Creating environment hook '/ball-e/ros2_ws/install/perception_pkg/share/perception_pkg/hook/pythonpath.sh'
[2.526s] Level 1:colcon.colcon_core.environment:checking '/ball-e/ros2_ws/install/perception_pkg/bin'
[2.526s] Level 1:colcon.colcon_core.environment:create_environment_scripts_only(perception_pkg)
[2.527s] INFO:colcon.colcon_core.shell:Creating package script '/ball-e/ros2_ws/install/perception_pkg/share/perception_pkg/package.ps1'
[2.529s] INFO:colcon.colcon_core.shell:Creating package descriptor '/ball-e/ros2_ws/install/perception_pkg/share/perception_pkg/package.dsv'
[2.531s] INFO:colcon.colcon_core.shell:Creating package script '/ball-e/ros2_ws/install/perception_pkg/share/perception_pkg/package.sh'
[2.533s] INFO:colcon.colcon_core.shell:Creating package script '/ball-e/ros2_ws/install/perception_pkg/share/perception_pkg/package.bash'
[2.534s] INFO:colcon.colcon_core.shell:Creating package script '/ball-e/ros2_ws/install/perception_pkg/share/perception_pkg/package.zsh'
[2.536s] Level 1:colcon.colcon_core.environment:create_file_with_runtime_dependencies(/ball-e/ros2_ws/install/perception_pkg/share/colcon-core/packages/perception_pkg)
[2.539s] Level 1:colcon.colcon_core.shell:create_environment_hook('sensors_pkg', 'pythonpath_develop')
[2.540s] INFO:colcon.colcon_core.shell:Creating environment hook '/ball-e/ros2_ws/build/sensors_pkg/share/sensors_pkg/hook/pythonpath_develop.ps1'
[2.541s] DEBUG:colcon.colcon_core.event_handler.log_command:Invoked command in '/ball-e/ros2_ws/build/sensors_pkg' returned '0': PYTHONPATH=/ball-e/ros2_ws/build/sensors_pkg/prefix_override:/home/ubuntu/ml_env/lib/python3.12/site-packages/colcon_core/task/python/colcon_distutils_commands:/ball-e/ros2_ws/install/sensors_pkg/lib/python3.12/site-packages:${PYTHONPATH} VIRTUAL_ENV_PROMPT=(ml_env) /home/ubuntu/ml_env/bin/python3 -W ignore:setup.py install is deprecated -W ignore:easy_install command is deprecated setup.py develop --editable --build-directory /ball-e/ros2_ws/build/sensors_pkg/build --no-deps symlink_data
[2.542s] INFO:colcon.colcon_core.shell:Creating environment descriptor '/ball-e/ros2_ws/build/sensors_pkg/share/sensors_pkg/hook/pythonpath_develop.dsv'
[2.543s] INFO:colcon.colcon_core.shell:Creating environment hook '/ball-e/ros2_ws/build/sensors_pkg/share/sensors_pkg/hook/pythonpath_develop.sh'
[2.544s] Level 1:colcon.colcon_core.environment:checking '/ball-e/ros2_ws/install/sensors_pkg' for CMake module files
[2.546s] Level 1:colcon.colcon_core.environment:checking '/ball-e/ros2_ws/install/sensors_pkg' for CMake config files
[2.548s] Level 1:colcon.colcon_core.environment:checking '/ball-e/ros2_ws/install/sensors_pkg/lib'
[2.549s] Level 1:colcon.colcon_core.environment:checking '/ball-e/ros2_ws/install/sensors_pkg/bin'
[2.549s] Level 1:colcon.colcon_core.environment:checking '/ball-e/ros2_ws/install/sensors_pkg/lib/pkgconfig/sensors_pkg.pc'
[2.549s] Level 1:colcon.colcon_core.environment:checking '/ball-e/ros2_ws/install/sensors_pkg/lib/python3.12/site-packages'
[2.549s] Level 1:colcon.colcon_core.shell:create_environment_hook('sensors_pkg', 'pythonpath')
[2.549s] INFO:colcon.colcon_core.shell:Creating environment hook '/ball-e/ros2_ws/install/sensors_pkg/share/sensors_pkg/hook/pythonpath.ps1'
[2.551s] INFO:colcon.colcon_core.shell:Creating environment descriptor '/ball-e/ros2_ws/install/sensors_pkg/share/sensors_pkg/hook/pythonpath.dsv'
[2.551s] INFO:colcon.colcon_core.shell:Creating environment hook '/ball-e/ros2_ws/install/sensors_pkg/share/sensors_pkg/hook/pythonpath.sh'
[2.553s] Level 1:colcon.colcon_core.environment:checking '/ball-e/ros2_ws/install/sensors_pkg/bin'
[2.553s] Level 1:colcon.colcon_core.environment:create_environment_scripts_only(sensors_pkg)
[2.553s] INFO:colcon.colcon_core.shell:Creating package script '/ball-e/ros2_ws/install/sensors_pkg/share/sensors_pkg/package.ps1'
[2.554s] INFO:colcon.colcon_core.shell:Creating package descriptor '/ball-e/ros2_ws/install/sensors_pkg/share/sensors_pkg/package.dsv'
[2.555s] INFO:colcon.colcon_core.shell:Creating package script '/ball-e/ros2_ws/install/sensors_pkg/share/sensors_pkg/package.sh'
[2.556s] INFO:colcon.colcon_core.shell:Creating package script '/ball-e/ros2_ws/install/sensors_pkg/share/sensors_pkg/package.bash'
[2.557s] INFO:colcon.colcon_core.shell:Creating package script '/ball-e/ros2_ws/install/sensors_pkg/share/sensors_pkg/package.zsh'
[2.558s] Level 1:colcon.colcon_core.environment:create_file_with_runtime_dependencies(/ball-e/ros2_ws/install/sensors_pkg/share/colcon-core/packages/sensors_pkg)
[2.560s] Level 1:colcon.colcon_core.shell:create_environment_hook('emotion_pkg', 'pythonpath_develop')
[2.561s] INFO:colcon.colcon_core.shell:Creating environment hook '/ball-e/ros2_ws/build/emotion_pkg/share/emotion_pkg/hook/pythonpath_develop.ps1'
[2.563s] INFO:colcon.colcon_core.shell:Creating environment descriptor '/ball-e/ros2_ws/build/emotion_pkg/share/emotion_pkg/hook/pythonpath_develop.dsv'
[2.563s] DEBUG:colcon.colcon_core.event_handler.log_command:Invoked command in '/ball-e/ros2_ws/build/emotion_pkg' returned '0': PYTHONPATH=/ball-e/ros2_ws/build/emotion_pkg/prefix_override:/home/ubuntu/ml_env/lib/python3.12/site-packages/colcon_core/task/python/colcon_distutils_commands:/ball-e/ros2_ws/install/emotion_pkg/lib/python3.12/site-packages:${PYTHONPATH} VIRTUAL_ENV_PROMPT=(ml_env) /home/ubuntu/ml_env/bin/python3 -W ignore:setup.py install is deprecated -W ignore:easy_install command is deprecated setup.py develop --editable --build-directory /ball-e/ros2_ws/build/emotion_pkg/build --no-deps symlink_data
[2.564s] INFO:colcon.colcon_core.shell:Creating environment hook '/ball-e/ros2_ws/build/emotion_pkg/share/emotion_pkg/hook/pythonpath_develop.sh'
[2.566s] Level 1:colcon.colcon_core.environment:checking '/ball-e/ros2_ws/install/emotion_pkg' for CMake module files
[2.567s] Level 1:colcon.colcon_core.environment:checking '/ball-e/ros2_ws/install/emotion_pkg' for CMake config files
[2.571s] Level 1:colcon.colcon_core.environment:checking '/ball-e/ros2_ws/install/emotion_pkg/lib'
[2.571s] Level 1:colcon.colcon_core.environment:checking '/ball-e/ros2_ws/install/emotion_pkg/bin'
[2.571s] Level 1:colcon.colcon_core.environment:checking '/ball-e/ros2_ws/install/emotion_pkg/lib/pkgconfig/emotion_pkg.pc'
[2.572s] Level 1:colcon.colcon_core.environment:checking '/ball-e/ros2_ws/install/emotion_pkg/lib/python3.12/site-packages'
[2.572s] Level 1:colcon.colcon_core.shell:create_environment_hook('emotion_pkg', 'pythonpath')
[2.573s] INFO:colcon.colcon_core.shell:Creating environment hook '/ball-e/ros2_ws/install/emotion_pkg/share/emotion_pkg/hook/pythonpath.ps1'
[2.574s] INFO:colcon.colcon_core.shell:Creating environment descriptor '/ball-e/ros2_ws/install/emotion_pkg/share/emotion_pkg/hook/pythonpath.dsv'
[2.576s] INFO:colcon.colcon_core.shell:Creating environment hook '/ball-e/ros2_ws/install/emotion_pkg/share/emotion_pkg/hook/pythonpath.sh'
[2.579s] Level 1:colcon.colcon_core.environment:checking '/ball-e/ros2_ws/install/emotion_pkg/bin'
[2.579s] Level 1:colcon.colcon_core.environment:create_environment_scripts_only(emotion_pkg)
[2.580s] INFO:colcon.colcon_core.shell:Creating package script '/ball-e/ros2_ws/install/emotion_pkg/share/emotion_pkg/package.ps1'
[2.582s] INFO:colcon.colcon_core.shell:Creating package descriptor '/ball-e/ros2_ws/install/emotion_pkg/share/emotion_pkg/package.dsv'
[2.583s] INFO:colcon.colcon_core.shell:Creating package script '/ball-e/ros2_ws/install/emotion_pkg/share/emotion_pkg/package.sh'
[2.585s] INFO:colcon.colcon_core.shell:Creating package script '/ball-e/ros2_ws/install/emotion_pkg/share/emotion_pkg/package.bash'
[2.586s] INFO:colcon.colcon_core.shell:Creating package script '/ball-e/ros2_ws/install/emotion_pkg/share/emotion_pkg/package.zsh'
[2.586s] Level 1:colcon.colcon_core.environment:create_file_with_runtime_dependencies(/ball-e/ros2_ws/install/emotion_pkg/share/colcon-core/packages/emotion_pkg)
[2.587s] DEBUG:colcon.colcon_parallel_executor.executor.parallel:closing loop
[2.588s] DEBUG:colcon.colcon_parallel_executor.executor.parallel:loop closed
[2.588s] DEBUG:colcon.colcon_parallel_executor.executor.parallel:run_until_complete finished with '0'
[2.588s] DEBUG:colcon.colcon_core.event_reactor:joining thread
[2.591s] INFO:colcon.colcon_core.plugin_system:Skipping extension 'colcon_notification.desktop_notification.notify2': 'notify2' not found
[2.592s] INFO:colcon.colcon_core.plugin_system:Skipping extension 'colcon_notification.desktop_notification.notify_send': Could not find 'notify-send'
[2.592s] INFO:colcon.colcon_core.plugin_system:Skipping extension 'colcon_notification.desktop_notification.terminal_notifier': Not used on non-Darwin systems
[2.592s] INFO:colcon.colcon_core.plugin_system:Skipping extension 'colcon_notification.desktop_notification.win32': Not used on non-Windows systems
[2.592s] DEBUG:colcon.colcon_core.event_reactor:joined thread
[2.592s] INFO:colcon.colcon_core.shell:Creating prefix script '/ball-e/ros2_ws/install/local_setup.ps1'
[2.594s] INFO:colcon.colcon_core.shell:Creating prefix util module '/ball-e/ros2_ws/install/_local_setup_util_ps1.py'
[2.596s] INFO:colcon.colcon_core.shell:Creating prefix chain script '/ball-e/ros2_ws/install/setup.ps1'
[2.600s] INFO:colcon.colcon_core.shell:Creating prefix script '/ball-e/ros2_ws/install/local_setup.sh'
[2.601s] INFO:colcon.colcon_core.shell:Creating prefix util module '/ball-e/ros2_ws/install/_local_setup_util_sh.py'
[2.602s] INFO:colcon.colcon_core.shell:Creating prefix chain script '/ball-e/ros2_ws/install/setup.sh'
[2.605s] INFO:colcon.colcon_core.shell:Creating prefix script '/ball-e/ros2_ws/install/local_setup.bash'
[2.606s] INFO:colcon.colcon_core.shell:Creating prefix chain script '/ball-e/ros2_ws/install/setup.bash'
[2.610s] INFO:colcon.colcon_core.shell:Creating prefix script '/ball-e/ros2_ws/install/local_setup.zsh'
[2.611s] INFO:colcon.colcon_core.shell:Creating prefix chain script '/ball-e/ros2_ws/install/setup.zsh'
