running egg_info
creating ../../build/sensors_pkg/sensors_pkg.egg-info
writing ../../build/sensors_pkg/sensors_pkg.egg-info/PKG-INFO
writing dependency_links to ../../build/sensors_pkg/sensors_pkg.egg-info/dependency_links.txt
writing entry points to ../../build/sensors_pkg/sensors_pkg.egg-info/entry_points.txt
writing requirements to ../../build/sensors_pkg/sensors_pkg.egg-info/requires.txt
writing top-level names to ../../build/sensors_pkg/sensors_pkg.egg-info/top_level.txt
writing manifest file '../../build/sensors_pkg/sensors_pkg.egg-info/SOURCES.txt'
reading manifest file '../../build/sensors_pkg/sensors_pkg.egg-info/SOURCES.txt'
adding license file 'LICENSE'
writing manifest file '../../build/sensors_pkg/sensors_pkg.egg-info/SOURCES.txt'
running build
running build_py
creating /workspace/ros2_ws/build/sensors_pkg/build
creating /workspace/ros2_ws/build/sensors_pkg/build/lib
creating /workspace/ros2_ws/build/sensors_pkg/build/lib/sensors_pkg
copying sensors_pkg/__init__.py -> /workspace/ros2_ws/build/sensors_pkg/build/lib/sensors_pkg
copying sensors_pkg/camera_node.py -> /workspace/ros2_ws/build/sensors_pkg/build/lib/sensors_pkg
running install
running install_lib
creating /workspace/ros2_ws/install/sensors_pkg/lib/python3.12/site-packages/sensors_pkg
copying /workspace/ros2_ws/build/sensors_pkg/build/lib/sensors_pkg/__init__.py -> /workspace/ros2_ws/install/sensors_pkg/lib/python3.12/site-packages/sensors_pkg
copying /workspace/ros2_ws/build/sensors_pkg/build/lib/sensors_pkg/camera_node.py -> /workspace/ros2_ws/install/sensors_pkg/lib/python3.12/site-packages/sensors_pkg
byte-compiling /workspace/ros2_ws/install/sensors_pkg/lib/python3.12/site-packages/sensors_pkg/__init__.py to __init__.cpython-312.pyc
byte-compiling /workspace/ros2_ws/install/sensors_pkg/lib/python3.12/site-packages/sensors_pkg/camera_node.py to camera_node.cpython-312.pyc
running install_data
creating /workspace/ros2_ws/install/sensors_pkg/share/ament_index
creating /workspace/ros2_ws/install/sensors_pkg/share/ament_index/resource_index
creating /workspace/ros2_ws/install/sensors_pkg/share/ament_index/resource_index/packages
copying resource/sensors_pkg -> /workspace/ros2_ws/install/sensors_pkg/share/ament_index/resource_index/packages
copying package.xml -> /workspace/ros2_ws/install/sensors_pkg/share/sensors_pkg
running install_egg_info
Copying ../../build/sensors_pkg/sensors_pkg.egg-info to /workspace/ros2_ws/install/sensors_pkg/lib/python3.12/site-packages/sensors_pkg-0.0.0-py3.12.egg-info
running install_scripts
Installing camera_node script to /workspace/ros2_ws/install/sensors_pkg/lib/sensors_pkg
writing list of installed files to '/workspace/ros2_ws/build/sensors_pkg/install.log'
