[1.649s] Invoking command in '/workspace/ros2_ws/src/sensors_pkg': PYTHONPATH=/workspace/ros2_ws/build/sensors_pkg/prefix_override:/usr/lib/python3/dist-packages/colcon_core/task/python/colcon_distutils_commands:/workspace/ros2_ws/install/sensors_pkg/lib/python3.12/site-packages:${PYTHONPATH} /usr/bin/python3 -W ignore:setup.py install is deprecated -W ignore:easy_install command is deprecated setup.py egg_info --egg-base ../../build/sensors_pkg build --build-base /workspace/ros2_ws/build/sensors_pkg/build install --record /workspace/ros2_ws/build/sensors_pkg/install.log --single-version-externally-managed install_data
[1.914s] running egg_info
[1.915s] creating ../../build/sensors_pkg/sensors_pkg.egg-info
[1.931s] writing ../../build/sensors_pkg/sensors_pkg.egg-info/PKG-INFO
[1.933s] writing dependency_links to ../../build/sensors_pkg/sensors_pkg.egg-info/dependency_links.txt
[1.933s] writing entry points to ../../build/sensors_pkg/sensors_pkg.egg-info/entry_points.txt
[1.934s] writing requirements to ../../build/sensors_pkg/sensors_pkg.egg-info/requires.txt
[1.934s] writing top-level names to ../../build/sensors_pkg/sensors_pkg.egg-info/top_level.txt
[1.935s] writing manifest file '../../build/sensors_pkg/sensors_pkg.egg-info/SOURCES.txt'
[2.006s] reading manifest file '../../build/sensors_pkg/sensors_pkg.egg-info/SOURCES.txt'
[2.007s] adding license file 'LICENSE'
[2.010s] writing manifest file '../../build/sensors_pkg/sensors_pkg.egg-info/SOURCES.txt'
[2.011s] running build
[2.012s] running build_py
[2.013s] creating /workspace/ros2_ws/build/sensors_pkg/build
[2.014s] creating /workspace/ros2_ws/build/sensors_pkg/build/lib
[2.014s] creating /workspace/ros2_ws/build/sensors_pkg/build/lib/sensors_pkg
[2.016s] copying sensors_pkg/__init__.py -> /workspace/ros2_ws/build/sensors_pkg/build/lib/sensors_pkg
[2.020s] copying sensors_pkg/camera_node.py -> /workspace/ros2_ws/build/sensors_pkg/build/lib/sensors_pkg
[2.023s] running install
[2.027s] running install_lib
[2.060s] creating /workspace/ros2_ws/install/sensors_pkg/lib/python3.12/site-packages/sensors_pkg
[2.061s] copying /workspace/ros2_ws/build/sensors_pkg/build/lib/sensors_pkg/__init__.py -> /workspace/ros2_ws/install/sensors_pkg/lib/python3.12/site-packages/sensors_pkg
[2.061s] copying /workspace/ros2_ws/build/sensors_pkg/build/lib/sensors_pkg/camera_node.py -> /workspace/ros2_ws/install/sensors_pkg/lib/python3.12/site-packages/sensors_pkg
[2.062s] byte-compiling /workspace/ros2_ws/install/sensors_pkg/lib/python3.12/site-packages/sensors_pkg/__init__.py to __init__.cpython-312.pyc
[2.063s] byte-compiling /workspace/ros2_ws/install/sensors_pkg/lib/python3.12/site-packages/sensors_pkg/camera_node.py to camera_node.cpython-312.pyc
[2.064s] running install_data
[2.065s] creating /workspace/ros2_ws/install/sensors_pkg/share/ament_index
[2.066s] creating /workspace/ros2_ws/install/sensors_pkg/share/ament_index/resource_index
[2.066s] creating /workspace/ros2_ws/install/sensors_pkg/share/ament_index/resource_index/packages
[2.066s] copying resource/sensors_pkg -> /workspace/ros2_ws/install/sensors_pkg/share/ament_index/resource_index/packages
[2.067s] copying package.xml -> /workspace/ros2_ws/install/sensors_pkg/share/sensors_pkg
[2.072s] running install_egg_info
[2.077s] Copying ../../build/sensors_pkg/sensors_pkg.egg-info to /workspace/ros2_ws/install/sensors_pkg/lib/python3.12/site-packages/sensors_pkg-0.0.0-py3.12.egg-info
[2.086s] running install_scripts
[2.216s] Installing camera_node script to /workspace/ros2_ws/install/sensors_pkg/lib/sensors_pkg
[2.220s] writing list of installed files to '/workspace/ros2_ws/build/sensors_pkg/install.log'
[2.282s] Invoked command in '/workspace/ros2_ws/src/sensors_pkg' returned '0': PYTHONPATH=/workspace/ros2_ws/build/sensors_pkg/prefix_override:/usr/lib/python3/dist-packages/colcon_core/task/python/colcon_distutils_commands:/workspace/ros2_ws/install/sensors_pkg/lib/python3.12/site-packages:${PYTHONPATH} /usr/bin/python3 -W ignore:setup.py install is deprecated -W ignore:easy_install command is deprecated setup.py egg_info --egg-base ../../build/sensors_pkg build --build-base /workspace/ros2_ws/build/sensors_pkg/build install --record /workspace/ros2_ws/build/sensors_pkg/install.log --single-version-externally-managed install_data
