[1.642s] Invoking command in '/ball-e/ros2_ws/build/emotion_pkg': PYTHONPATH=/ball-e/ros2_ws/build/emotion_pkg/prefix_override:/home/ubuntu/ml_env/lib/python3.12/site-packages/colcon_core/task/python/colcon_distutils_commands:/ball-e/ros2_ws/install/emotion_pkg/lib/python3.12/site-packages:${PYTHONPATH} VIRTUAL_ENV_PROMPT=(ml_env) /home/ubuntu/ml_env/bin/python3 -W ignore:setup.py install is deprecated -W ignore:easy_install command is deprecated setup.py develop --editable --build-directory /ball-e/ros2_ws/build/emotion_pkg/build --no-deps symlink_data
[1.998s] running develop
[2.172s] running egg_info
[2.183s] creating emotion_pkg.egg-info
[2.183s] writing emotion_pkg.egg-info/PKG-INFO
[2.184s] writing dependency_links to emotion_pkg.egg-info/dependency_links.txt
[2.185s] writing requirements to emotion_pkg.egg-info/requires.txt
[2.186s] writing top-level names to emotion_pkg.egg-info/top_level.txt
[2.187s] writing manifest file 'emotion_pkg.egg-info/SOURCES.txt'
[2.220s] reading manifest file 'emotion_pkg.egg-info/SOURCES.txt'
[2.221s] writing manifest file 'emotion_pkg.egg-info/SOURCES.txt'
[2.242s] running build_ext
[2.243s] Creating /ball-e/ros2_ws/install/emotion_pkg/lib/python3.12/site-packages/emotion-pkg.egg-link (link to .)
[2.246s] 
[2.247s] Installed /ball-e/ros2_ws/build/emotion_pkg
[2.247s] running symlink_data
[2.248s] creating /ball-e/ros2_ws/install/emotion_pkg/share/ament_index/resource_index/packages
[2.249s] symbolically linking /ball-e/ros2_ws/build/emotion_pkg/resource/emotion_pkg -> /ball-e/ros2_ws/install/emotion_pkg/share/ament_index/resource_index/packages
[2.249s] symbolically linking /ball-e/ros2_ws/build/emotion_pkg/package.xml -> /ball-e/ros2_ws/install/emotion_pkg/share/emotion_pkg
[2.326s] Invoked command in '/ball-e/ros2_ws/build/emotion_pkg' returned '0': PYTHONPATH=/ball-e/ros2_ws/build/emotion_pkg/prefix_override:/home/ubuntu/ml_env/lib/python3.12/site-packages/colcon_core/task/python/colcon_distutils_commands:/ball-e/ros2_ws/install/emotion_pkg/lib/python3.12/site-packages:${PYTHONPATH} VIRTUAL_ENV_PROMPT=(ml_env) /home/ubuntu/ml_env/bin/python3 -W ignore:setup.py install is deprecated -W ignore:easy_install command is deprecated setup.py develop --editable --build-directory /ball-e/ros2_ws/build/emotion_pkg/build --no-deps symlink_data
