[1.561s] Invoking command in '/ball-e/ros2_ws/build/navigation_pkg': PYTHONPATH=/ball-e/ros2_ws/build/navigation_pkg/prefix_override:/home/ubuntu/ml_env/lib/python3.12/site-packages/colcon_core/task/python/colcon_distutils_commands:/ball-e/ros2_ws/install/navigation_pkg/lib/python3.12/site-packages:${PYTHONPATH} VIRTUAL_ENV_PROMPT=(ml_env) /home/ubuntu/ml_env/bin/python3 -W ignore:setup.py install is deprecated -W ignore:easy_install command is deprecated setup.py develop --editable --build-directory /ball-e/ros2_ws/build/navigation_pkg/build --no-deps symlink_data
[1.883s] running develop
[2.047s] running egg_info
[2.062s] creating navigation_pkg.egg-info
[2.066s] writing navigation_pkg.egg-info/PKG-INFO
[2.069s] writing dependency_links to navigation_pkg.egg-info/dependency_links.txt
[2.070s] writing requirements to navigation_pkg.egg-info/requires.txt
[2.071s] writing top-level names to navigation_pkg.egg-info/top_level.txt
[2.071s] writing manifest file 'navigation_pkg.egg-info/SOURCES.txt'
[2.103s] reading manifest file 'navigation_pkg.egg-info/SOURCES.txt'
[2.106s] writing manifest file 'navigation_pkg.egg-info/SOURCES.txt'
[2.125s] running build_ext
[2.126s] Creating /ball-e/ros2_ws/install/navigation_pkg/lib/python3.12/site-packages/navigation-pkg.egg-link (link to .)
[2.132s] 
[2.133s] Installed /ball-e/ros2_ws/build/navigation_pkg
[2.135s] running symlink_data
[2.135s] creating /ball-e/ros2_ws/install/navigation_pkg/share/ament_index/resource_index/packages
[2.136s] symbolically linking /ball-e/ros2_ws/build/navigation_pkg/resource/navigation_pkg -> /ball-e/ros2_ws/install/navigation_pkg/share/ament_index/resource_index/packages
[2.138s] symbolically linking /ball-e/ros2_ws/build/navigation_pkg/package.xml -> /ball-e/ros2_ws/install/navigation_pkg/share/navigation_pkg
[2.174s] Invoked command in '/ball-e/ros2_ws/build/navigation_pkg' returned '0': PYTHONPATH=/ball-e/ros2_ws/build/navigation_pkg/prefix_override:/home/ubuntu/ml_env/lib/python3.12/site-packages/colcon_core/task/python/colcon_distutils_commands:/ball-e/ros2_ws/install/navigation_pkg/lib/python3.12/site-packages:${PYTHONPATH} VIRTUAL_ENV_PROMPT=(ml_env) /home/ubuntu/ml_env/bin/python3 -W ignore:setup.py install is deprecated -W ignore:easy_install command is deprecated setup.py develop --editable --build-directory /ball-e/ros2_ws/build/navigation_pkg/build --no-deps symlink_data
