running egg_info
creating ../../build/emotion_pkg/emotion_pkg.egg-info
writing ../../build/emotion_pkg/emotion_pkg.egg-info/PKG-INFO
writing dependency_links to ../../build/emotion_pkg/emotion_pkg.egg-info/dependency_links.txt
writing requirements to ../../build/emotion_pkg/emotion_pkg.egg-info/requires.txt
writing top-level names to ../../build/emotion_pkg/emotion_pkg.egg-info/top_level.txt
writing manifest file '../../build/emotion_pkg/emotion_pkg.egg-info/SOURCES.txt'
reading manifest file '../../build/emotion_pkg/emotion_pkg.egg-info/SOURCES.txt'
adding license file 'LICENSE'
writing manifest file '../../build/emotion_pkg/emotion_pkg.egg-info/SOURCES.txt'
running build
running build_py
creating /workspace/ros2_ws/build/emotion_pkg/build
creating /workspace/ros2_ws/build/emotion_pkg/build/lib
creating /workspace/ros2_ws/build/emotion_pkg/build/lib/emotion_pkg
copying emotion_pkg/__init__.py -> /workspace/ros2_ws/build/emotion_pkg/build/lib/emotion_pkg
running install
running install_lib
creating /workspace/ros2_ws/install/emotion_pkg/lib/python3.12/site-packages/emotion_pkg
copying /workspace/ros2_ws/build/emotion_pkg/build/lib/emotion_pkg/__init__.py -> /workspace/ros2_ws/install/emotion_pkg/lib/python3.12/site-packages/emotion_pkg
byte-compiling /workspace/ros2_ws/install/emotion_pkg/lib/python3.12/site-packages/emotion_pkg/__init__.py to __init__.cpython-312.pyc
running install_data
creating /workspace/ros2_ws/install/emotion_pkg/share/ament_index
creating /workspace/ros2_ws/install/emotion_pkg/share/ament_index/resource_index
creating /workspace/ros2_ws/install/emotion_pkg/share/ament_index/resource_index/packages
copying resource/emotion_pkg -> /workspace/ros2_ws/install/emotion_pkg/share/ament_index/resource_index/packages
copying package.xml -> /workspace/ros2_ws/install/emotion_pkg/share/emotion_pkg
running install_egg_info
Copying ../../build/emotion_pkg/emotion_pkg.egg-info to /workspace/ros2_ws/install/emotion_pkg/lib/python3.12/site-packages/emotion_pkg-0.0.0-py3.12.egg-info
running install_scripts
writing list of installed files to '/workspace/ros2_ws/build/emotion_pkg/install.log'
