[1.695s] Invoking command in '/workspace/ros2_ws/src/emotion_pkg': PYTHONPATH=/workspace/ros2_ws/build/emotion_pkg/prefix_override:/usr/lib/python3/dist-packages/colcon_core/task/python/colcon_distutils_commands:/workspace/ros2_ws/install/emotion_pkg/lib/python3.12/site-packages:${PYTHONPATH} /usr/bin/python3 -W ignore:setup.py install is deprecated -W ignore:easy_install command is deprecated setup.py egg_info --egg-base ../../build/emotion_pkg build --build-base /workspace/ros2_ws/build/emotion_pkg/build install --record /workspace/ros2_ws/build/emotion_pkg/install.log --single-version-externally-managed install_data
[1.977s] running egg_info
[1.977s] creating ../../build/emotion_pkg/emotion_pkg.egg-info
[1.992s] writing ../../build/emotion_pkg/emotion_pkg.egg-info/PKG-INFO
[1.994s] writing dependency_links to ../../build/emotion_pkg/emotion_pkg.egg-info/dependency_links.txt
[1.994s] writing requirements to ../../build/emotion_pkg/emotion_pkg.egg-info/requires.txt
[1.995s] writing top-level names to ../../build/emotion_pkg/emotion_pkg.egg-info/top_level.txt
[1.995s] writing manifest file '../../build/emotion_pkg/emotion_pkg.egg-info/SOURCES.txt'
[2.066s] reading manifest file '../../build/emotion_pkg/emotion_pkg.egg-info/SOURCES.txt'
[2.069s] adding license file 'LICENSE'
[2.070s] writing manifest file '../../build/emotion_pkg/emotion_pkg.egg-info/SOURCES.txt'
[2.071s] running build
[2.072s] running build_py
[2.072s] creating /workspace/ros2_ws/build/emotion_pkg/build
[2.073s] creating /workspace/ros2_ws/build/emotion_pkg/build/lib
[2.073s] creating /workspace/ros2_ws/build/emotion_pkg/build/lib/emotion_pkg
[2.075s] copying emotion_pkg/__init__.py -> /workspace/ros2_ws/build/emotion_pkg/build/lib/emotion_pkg
[2.076s] running install
[2.097s] running install_lib
[2.117s] creating /workspace/ros2_ws/install/emotion_pkg/lib/python3.12/site-packages/emotion_pkg
[2.117s] copying /workspace/ros2_ws/build/emotion_pkg/build/lib/emotion_pkg/__init__.py -> /workspace/ros2_ws/install/emotion_pkg/lib/python3.12/site-packages/emotion_pkg
[2.118s] byte-compiling /workspace/ros2_ws/install/emotion_pkg/lib/python3.12/site-packages/emotion_pkg/__init__.py to __init__.cpython-312.pyc
[2.119s] running install_data
[2.120s] creating /workspace/ros2_ws/install/emotion_pkg/share/ament_index
[2.122s] creating /workspace/ros2_ws/install/emotion_pkg/share/ament_index/resource_index
[2.122s] creating /workspace/ros2_ws/install/emotion_pkg/share/ament_index/resource_index/packages
[2.122s] copying resource/emotion_pkg -> /workspace/ros2_ws/install/emotion_pkg/share/ament_index/resource_index/packages
[2.123s] copying package.xml -> /workspace/ros2_ws/install/emotion_pkg/share/emotion_pkg
[2.123s] running install_egg_info
[2.126s] Copying ../../build/emotion_pkg/emotion_pkg.egg-info to /workspace/ros2_ws/install/emotion_pkg/lib/python3.12/site-packages/emotion_pkg-0.0.0-py3.12.egg-info
[2.132s] running install_scripts
[2.267s] writing list of installed files to '/workspace/ros2_ws/build/emotion_pkg/install.log'
[2.334s] Invoked command in '/workspace/ros2_ws/src/emotion_pkg' returned '0': PYTHONPATH=/workspace/ros2_ws/build/emotion_pkg/prefix_override:/usr/lib/python3/dist-packages/colcon_core/task/python/colcon_distutils_commands:/workspace/ros2_ws/install/emotion_pkg/lib/python3.12/site-packages:${PYTHONPATH} /usr/bin/python3 -W ignore:setup.py install is deprecated -W ignore:easy_install command is deprecated setup.py egg_info --egg-base ../../build/emotion_pkg build --build-base /workspace/ros2_ws/build/emotion_pkg/build install --record /workspace/ros2_ws/build/emotion_pkg/install.log --single-version-externally-managed install_data
