running egg_info
creating ../../build/interaction_pkg/interaction_pkg.egg-info
writing ../../build/interaction_pkg/interaction_pkg.egg-info/PKG-INFO
writing dependency_links to ../../build/interaction_pkg/interaction_pkg.egg-info/dependency_links.txt
writing requirements to ../../build/interaction_pkg/interaction_pkg.egg-info/requires.txt
writing top-level names to ../../build/interaction_pkg/interaction_pkg.egg-info/top_level.txt
writing manifest file '../../build/interaction_pkg/interaction_pkg.egg-info/SOURCES.txt'
reading manifest file '../../build/interaction_pkg/interaction_pkg.egg-info/SOURCES.txt'
adding license file 'LICENSE'
writing manifest file '../../build/interaction_pkg/interaction_pkg.egg-info/SOURCES.txt'
running build
running build_py
creating /workspace/ros2_ws/build/interaction_pkg/build
creating /workspace/ros2_ws/build/interaction_pkg/build/lib
creating /workspace/ros2_ws/build/interaction_pkg/build/lib/interaction_pkg
copying interaction_pkg/__init__.py -> /workspace/ros2_ws/build/interaction_pkg/build/lib/interaction_pkg
running install
running install_lib
creating /workspace/ros2_ws/install/interaction_pkg/lib/python3.12/site-packages/interaction_pkg
copying /workspace/ros2_ws/build/interaction_pkg/build/lib/interaction_pkg/__init__.py -> /workspace/ros2_ws/install/interaction_pkg/lib/python3.12/site-packages/interaction_pkg
byte-compiling /workspace/ros2_ws/install/interaction_pkg/lib/python3.12/site-packages/interaction_pkg/__init__.py to __init__.cpython-312.pyc
running install_data
creating /workspace/ros2_ws/install/interaction_pkg/share/ament_index
creating /workspace/ros2_ws/install/interaction_pkg/share/ament_index/resource_index
creating /workspace/ros2_ws/install/interaction_pkg/share/ament_index/resource_index/packages
copying resource/interaction_pkg -> /workspace/ros2_ws/install/interaction_pkg/share/ament_index/resource_index/packages
copying package.xml -> /workspace/ros2_ws/install/interaction_pkg/share/interaction_pkg
running install_egg_info
Copying ../../build/interaction_pkg/interaction_pkg.egg-info to /workspace/ros2_ws/install/interaction_pkg/lib/python3.12/site-packages/interaction_pkg-0.0.0-py3.12.egg-info
running install_scripts
writing list of installed files to '/workspace/ros2_ws/build/interaction_pkg/install.log'
