[1.697s] Invoking command in '/workspace/ros2_ws/src/interaction_pkg': PYTHONPATH=/workspace/ros2_ws/build/interaction_pkg/prefix_override:/usr/lib/python3/dist-packages/colcon_core/task/python/colcon_distutils_commands:/workspace/ros2_ws/install/interaction_pkg/lib/python3.12/site-packages:${PYTHONPATH} /usr/bin/python3 -W ignore:setup.py install is deprecated -W ignore:easy_install command is deprecated setup.py egg_info --egg-base ../../build/interaction_pkg build --build-base /workspace/ros2_ws/build/interaction_pkg/build install --record /workspace/ros2_ws/build/interaction_pkg/install.log --single-version-externally-managed install_data
[1.953s] running egg_info
[1.954s] creating ../../build/interaction_pkg/interaction_pkg.egg-info
[1.976s] writing ../../build/interaction_pkg/interaction_pkg.egg-info/PKG-INFO
[1.978s] writing dependency_links to ../../build/interaction_pkg/interaction_pkg.egg-info/dependency_links.txt
[1.980s] writing requirements to ../../build/interaction_pkg/interaction_pkg.egg-info/requires.txt
[1.980s] writing top-level names to ../../build/interaction_pkg/interaction_pkg.egg-info/top_level.txt
[1.980s] writing manifest file '../../build/interaction_pkg/interaction_pkg.egg-info/SOURCES.txt'
[2.015s] reading manifest file '../../build/interaction_pkg/interaction_pkg.egg-info/SOURCES.txt'
[2.019s] adding license file 'LICENSE'
[2.021s] writing manifest file '../../build/interaction_pkg/interaction_pkg.egg-info/SOURCES.txt'
[2.024s] running build
[2.025s] running build_py
[2.027s] creating /workspace/ros2_ws/build/interaction_pkg/build
[2.028s] creating /workspace/ros2_ws/build/interaction_pkg/build/lib
[2.030s] creating /workspace/ros2_ws/build/interaction_pkg/build/lib/interaction_pkg
[2.032s] copying interaction_pkg/__init__.py -> /workspace/ros2_ws/build/interaction_pkg/build/lib/interaction_pkg
[2.033s] running install
[2.044s] running install_lib
[2.060s] creating /workspace/ros2_ws/install/interaction_pkg/lib/python3.12/site-packages/interaction_pkg
[2.061s] copying /workspace/ros2_ws/build/interaction_pkg/build/lib/interaction_pkg/__init__.py -> /workspace/ros2_ws/install/interaction_pkg/lib/python3.12/site-packages/interaction_pkg
[2.066s] byte-compiling /workspace/ros2_ws/install/interaction_pkg/lib/python3.12/site-packages/interaction_pkg/__init__.py to __init__.cpython-312.pyc
[2.067s] running install_data
[2.067s] creating /workspace/ros2_ws/install/interaction_pkg/share/ament_index
[2.068s] creating /workspace/ros2_ws/install/interaction_pkg/share/ament_index/resource_index
[2.068s] creating /workspace/ros2_ws/install/interaction_pkg/share/ament_index/resource_index/packages
[2.068s] copying resource/interaction_pkg -> /workspace/ros2_ws/install/interaction_pkg/share/ament_index/resource_index/packages
[2.069s] copying package.xml -> /workspace/ros2_ws/install/interaction_pkg/share/interaction_pkg
[2.090s] running install_egg_info
[2.106s] Copying ../../build/interaction_pkg/interaction_pkg.egg-info to /workspace/ros2_ws/install/interaction_pkg/lib/python3.12/site-packages/interaction_pkg-0.0.0-py3.12.egg-info
[2.114s] running install_scripts
[2.216s] writing list of installed files to '/workspace/ros2_ws/build/interaction_pkg/install.log'
[2.298s] Invoked command in '/workspace/ros2_ws/src/interaction_pkg' returned '0': PYTHONPATH=/workspace/ros2_ws/build/interaction_pkg/prefix_override:/usr/lib/python3/dist-packages/colcon_core/task/python/colcon_distutils_commands:/workspace/ros2_ws/install/interaction_pkg/lib/python3.12/site-packages:${PYTHONPATH} /usr/bin/python3 -W ignore:setup.py install is deprecated -W ignore:easy_install command is deprecated setup.py egg_info --egg-base ../../build/interaction_pkg build --build-base /workspace/ros2_ws/build/interaction_pkg/build install --record /workspace/ros2_ws/build/interaction_pkg/install.log --single-version-externally-managed install_data
