running develop
running egg_info
creating perception_pkg.egg-info
writing perception_pkg.egg-info/PKG-INFO
writing dependency_links to perception_pkg.egg-info/dependency_links.txt
writing entry points to perception_pkg.egg-info/entry_points.txt
writing requirements to perception_pkg.egg-info/requires.txt
writing top-level names to perception_pkg.egg-info/top_level.txt
writing manifest file 'perception_pkg.egg-info/SOURCES.txt'
reading manifest file 'perception_pkg.egg-info/SOURCES.txt'
writing manifest file 'perception_pkg.egg-info/SOURCES.txt'
running build_ext
Creating /ball-e/ros2_ws/install/perception_pkg/lib/python3.12/site-packages/perception-pkg.egg-link (link to .)
Installing yolo_node script to /ball-e/ros2_ws/install/perception_pkg/lib/perception_pkg

Installed /ball-e/ros2_ws/build/perception_pkg
running symlink_data
creating /ball-e/ros2_ws/install/perception_pkg/share/ament_index/resource_index/packages
symbolically linking /ball-e/ros2_ws/build/perception_pkg/resource/perception_pkg -> /ball-e/ros2_ws/install/perception_pkg/share/ament_index/resource_index/packages
symbolically linking /ball-e/ros2_ws/build/perception_pkg/package.xml -> /ball-e/ros2_ws/install/perception_pkg/share/perception_pkg
creating /ball-e/ros2_ws/install/perception_pkg/share/perception_pkg/models
