[1.559s] Invoking command in '/ball-e/ros2_ws/build/perception_pkg': PYTHONPATH=/ball-e/ros2_ws/build/perception_pkg/prefix_override:/home/ubuntu/ml_env/lib/python3.12/site-packages/colcon_core/task/python/colcon_distutils_commands:/ball-e/ros2_ws/install/perception_pkg/lib/python3.12/site-packages:${PYTHONPATH} VIRTUAL_ENV_PROMPT=(ml_env) /home/ubuntu/ml_env/bin/python3 -W ignore:setup.py install is deprecated -W ignore:easy_install command is deprecated setup.py develop --editable --build-directory /ball-e/ros2_ws/build/perception_pkg/build --no-deps symlink_data
[1.930s] running develop
[2.079s] running egg_info
[2.095s] creating perception_pkg.egg-info
[2.095s] writing perception_pkg.egg-info/PKG-INFO
[2.097s] writing dependency_links to perception_pkg.egg-info/dependency_links.txt
[2.098s] writing entry points to perception_pkg.egg-info/entry_points.txt
[2.099s] writing requirements to perception_pkg.egg-info/requires.txt
[2.100s] writing top-level names to perception_pkg.egg-info/top_level.txt
[2.101s] writing manifest file 'perception_pkg.egg-info/SOURCES.txt'
[2.146s] reading manifest file 'perception_pkg.egg-info/SOURCES.txt'
[2.150s] writing manifest file 'perception_pkg.egg-info/SOURCES.txt'
[2.169s] running build_ext
[2.170s] Creating /ball-e/ros2_ws/install/perception_pkg/lib/python3.12/site-packages/perception-pkg.egg-link (link to .)
[2.172s] Installing yolo_node script to /ball-e/ros2_ws/install/perception_pkg/lib/perception_pkg
[2.173s] 
[2.173s] Installed /ball-e/ros2_ws/build/perception_pkg
[2.174s] running symlink_data
[2.175s] creating /ball-e/ros2_ws/install/perception_pkg/share/ament_index/resource_index/packages
[2.175s] symbolically linking /ball-e/ros2_ws/build/perception_pkg/resource/perception_pkg -> /ball-e/ros2_ws/install/perception_pkg/share/ament_index/resource_index/packages
[2.176s] symbolically linking /ball-e/ros2_ws/build/perception_pkg/package.xml -> /ball-e/ros2_ws/install/perception_pkg/share/perception_pkg
[2.178s] creating /ball-e/ros2_ws/install/perception_pkg/share/perception_pkg/models
[2.235s] Invoked command in '/ball-e/ros2_ws/build/perception_pkg' returned '0': PYTHONPATH=/ball-e/ros2_ws/build/perception_pkg/prefix_override:/home/ubuntu/ml_env/lib/python3.12/site-packages/colcon_core/task/python/colcon_distutils_commands:/ball-e/ros2_ws/install/perception_pkg/lib/python3.12/site-packages:${PYTHONPATH} VIRTUAL_ENV_PROMPT=(ml_env) /home/ubuntu/ml_env/bin/python3 -W ignore:setup.py install is deprecated -W ignore:easy_install command is deprecated setup.py develop --editable --build-directory /ball-e/ros2_ws/build/perception_pkg/build --no-deps symlink_data
