[1.654s] Invoking command in '/workspace/ros2_ws/src/perception_pkg': PYTHONPATH=/workspace/ros2_ws/build/perception_pkg/prefix_override:/usr/lib/python3/dist-packages/colcon_core/task/python/colcon_distutils_commands:/workspace/ros2_ws/install/perception_pkg/lib/python3.12/site-packages:${PYTHONPATH} /usr/bin/python3 -W ignore:setup.py install is deprecated -W ignore:easy_install command is deprecated setup.py egg_info --egg-base ../../build/perception_pkg build --build-base /workspace/ros2_ws/build/perception_pkg/build install --record /workspace/ros2_ws/build/perception_pkg/install.log --single-version-externally-managed install_data
[1.916s] running egg_info
[1.918s] creating ../../build/perception_pkg/perception_pkg.egg-info
[1.934s] writing ../../build/perception_pkg/perception_pkg.egg-info/PKG-INFO
[1.934s] writing dependency_links to ../../build/perception_pkg/perception_pkg.egg-info/dependency_links.txt
[1.935s] writing entry points to ../../build/perception_pkg/perception_pkg.egg-info/entry_points.txt
[1.937s] writing requirements to ../../build/perception_pkg/perception_pkg.egg-info/requires.txt
[1.939s] writing top-level names to ../../build/perception_pkg/perception_pkg.egg-info/top_level.txt
[1.940s] writing manifest file '../../build/perception_pkg/perception_pkg.egg-info/SOURCES.txt'
[1.978s] reading manifest file '../../build/perception_pkg/perception_pkg.egg-info/SOURCES.txt'
[1.980s] adding license file 'LICENSE'
[1.980s] writing manifest file '../../build/perception_pkg/perception_pkg.egg-info/SOURCES.txt'
[1.981s] running build
[1.981s] running build_py
[1.982s] creating /workspace/ros2_ws/build/perception_pkg/build
[1.982s] creating /workspace/ros2_ws/build/perception_pkg/build/lib
[1.984s] creating /workspace/ros2_ws/build/perception_pkg/build/lib/perception_pkg
[1.985s] copying perception_pkg/__init__.py -> /workspace/ros2_ws/build/perception_pkg/build/lib/perception_pkg
[1.985s] copying perception_pkg/yolo_node.py -> /workspace/ros2_ws/build/perception_pkg/build/lib/perception_pkg
[1.986s] running install
[1.990s] running install_lib
[2.028s] creating /workspace/ros2_ws/install/perception_pkg/lib/python3.12/site-packages/perception_pkg
[2.029s] copying /workspace/ros2_ws/build/perception_pkg/build/lib/perception_pkg/__init__.py -> /workspace/ros2_ws/install/perception_pkg/lib/python3.12/site-packages/perception_pkg
[2.031s] copying /workspace/ros2_ws/build/perception_pkg/build/lib/perception_pkg/yolo_node.py -> /workspace/ros2_ws/install/perception_pkg/lib/python3.12/site-packages/perception_pkg
[2.033s] byte-compiling /workspace/ros2_ws/install/perception_pkg/lib/python3.12/site-packages/perception_pkg/__init__.py to __init__.cpython-312.pyc
[2.034s] byte-compiling /workspace/ros2_ws/install/perception_pkg/lib/python3.12/site-packages/perception_pkg/yolo_node.py to yolo_node.cpython-312.pyc
[2.036s] running install_data
[2.038s] creating /workspace/ros2_ws/install/perception_pkg/share/ament_index
[2.038s] creating /workspace/ros2_ws/install/perception_pkg/share/ament_index/resource_index
[2.038s] creating /workspace/ros2_ws/install/perception_pkg/share/ament_index/resource_index/packages
[2.039s] copying resource/perception_pkg -> /workspace/ros2_ws/install/perception_pkg/share/ament_index/resource_index/packages
[2.042s] copying package.xml -> /workspace/ros2_ws/install/perception_pkg/share/perception_pkg
[2.044s] creating /workspace/ros2_ws/install/perception_pkg/share/perception_pkg/models
[2.045s] running install_egg_info
[2.078s] Copying ../../build/perception_pkg/perception_pkg.egg-info to /workspace/ros2_ws/install/perception_pkg/lib/python3.12/site-packages/perception_pkg-0.0.0-py3.12.egg-info
[2.091s] running install_scripts
[2.191s] Installing yolo_node script to /workspace/ros2_ws/install/perception_pkg/lib/perception_pkg
[2.194s] writing list of installed files to '/workspace/ros2_ws/build/perception_pkg/install.log'
[2.226s] Invoked command in '/workspace/ros2_ws/src/perception_pkg' returned '0': PYTHONPATH=/workspace/ros2_ws/build/perception_pkg/prefix_override:/usr/lib/python3/dist-packages/colcon_core/task/python/colcon_distutils_commands:/workspace/ros2_ws/install/perception_pkg/lib/python3.12/site-packages:${PYTHONPATH} /usr/bin/python3 -W ignore:setup.py install is deprecated -W ignore:easy_install command is deprecated setup.py egg_info --egg-base ../../build/perception_pkg build --build-base /workspace/ros2_ws/build/perception_pkg/build install --record /workspace/ros2_ws/build/perception_pkg/install.log --single-version-externally-managed install_data
