[0.423s] Invoking command in '/workspace/ros2_ws/build/msgs_interfaces': CMAKE_PREFIX_PATH=${CMAKE_PREFIX_PATH}:/opt/ros/jazzy /usr/bin/cmake /workspace/ros2_ws/src/msgs_interfaces -DCMAKE_INSTALL_PREFIX=/workspace/ros2_ws/install/msgs_interfaces
[0.847s] -- The C compiler identification is GNU 13.3.0
[0.847s] -- The CXX compiler identification is GNU 13.3.0
[0.847s] -- Detecting C compiler ABI info
[0.923s] -- Detecting C compiler ABI info - done
[0.937s] -- Check for working C compiler: /usr/bin/cc - skipped
[0.937s] -- Detecting C compile features
[0.938s] -- Detecting C compile features - done
[0.957s] -- Detecting CXX compiler ABI info
[1.154s] -- Detecting CXX compiler ABI info - done
[1.180s] -- Check for working CXX compiler: /usr/bin/c++ - skipped
[1.180s] -- Detecting CXX compile features
[1.181s] -- Detecting CXX compile features - done
[1.191s] -- Found ament_cmake: 2.5.4 (/opt/ros/jazzy/share/ament_cmake/cmake)
[1.367s] -- Found Python3: /usr/bin/python3 (found version "3.12.3") found components: Interpreter 
[1.589s] -- Found ament_lint_auto: 0.17.3 (/opt/ros/jazzy/share/ament_lint_auto/cmake)
[1.771s] -- Added test 'lint_cmake' to check CMake code style
[1.788s] -- Added test 'xmllint' to check XML markup files
[1.797s] -- Configuring done (1.3s)
[1.817s] -- Generating done (0.0s)
[1.834s] -- Build files have been written to: /workspace/ros2_ws/build/msgs_interfaces
[1.837s] Invoked command in '/workspace/ros2_ws/build/msgs_interfaces' returned '0': CMAKE_PREFIX_PATH=${CMAKE_PREFIX_PATH}:/opt/ros/jazzy /usr/bin/cmake /workspace/ros2_ws/src/msgs_interfaces -DCMAKE_INSTALL_PREFIX=/workspace/ros2_ws/install/msgs_interfaces
[1.838s] Invoking command in '/workspace/ros2_ws/build/msgs_interfaces': CMAKE_PREFIX_PATH=${CMAKE_PREFIX_PATH}:/opt/ros/jazzy /usr/bin/cmake --build /workspace/ros2_ws/build/msgs_interfaces -- -j28 -l28
[1.889s] Invoked command in '/workspace/ros2_ws/build/msgs_interfaces' returned '0': CMAKE_PREFIX_PATH=${CMAKE_PREFIX_PATH}:/opt/ros/jazzy /usr/bin/cmake --build /workspace/ros2_ws/build/msgs_interfaces -- -j28 -l28
[1.905s] Invoking command in '/workspace/ros2_ws/build/msgs_interfaces': CMAKE_PREFIX_PATH=${CMAKE_PREFIX_PATH}:/opt/ros/jazzy /usr/bin/cmake --install /workspace/ros2_ws/build/msgs_interfaces
[1.920s] -- Install configuration: ""
[1.922s] -- Installing: /workspace/ros2_ws/install/msgs_interfaces/share/ament_index/resource_index/package_run_dependencies/msgs_interfaces
[1.933s] -- Installing: /workspace/ros2_ws/install/msgs_interfaces/share/ament_index/resource_index/parent_prefix_path/msgs_interfaces
[1.937s] -- Installing: /workspace/ros2_ws/install/msgs_interfaces/share/msgs_interfaces/environment/ament_prefix_path.sh
[1.942s] -- Installing: /workspace/ros2_ws/install/msgs_interfaces/share/msgs_interfaces/environment/ament_prefix_path.dsv
[1.946s] -- Installing: /workspace/ros2_ws/install/msgs_interfaces/share/msgs_interfaces/environment/path.sh
[1.949s] -- Installing: /workspace/ros2_ws/install/msgs_interfaces/share/msgs_interfaces/environment/path.dsv
[1.954s] -- Installing: /workspace/ros2_ws/install/msgs_interfaces/share/msgs_interfaces/local_setup.bash
[1.955s] -- Installing: /workspace/ros2_ws/install/msgs_interfaces/share/msgs_interfaces/local_setup.sh
[1.957s] -- Installing: /workspace/ros2_ws/install/msgs_interfaces/share/msgs_interfaces/local_setup.zsh
[1.959s] -- Installing: /workspace/ros2_ws/install/msgs_interfaces/share/msgs_interfaces/local_setup.dsv
[1.961s] -- Installing: /workspace/ros2_ws/install/msgs_interfaces/share/msgs_interfaces/package.dsv
[1.962s] -- Installing: /workspace/ros2_ws/install/msgs_interfaces/share/ament_index/resource_index/packages/msgs_interfaces
[1.964s] -- Installing: /workspace/ros2_ws/install/msgs_interfaces/share/msgs_interfaces/cmake/msgs_interfacesConfig.cmake
[1.965s] -- Installing: /workspace/ros2_ws/install/msgs_interfaces/share/msgs_interfaces/cmake/msgs_interfacesConfig-version.cmake
[1.966s] -- Installing: /workspace/ros2_ws/install/msgs_interfaces/share/msgs_interfaces/package.xml
[1.970s] Invoked command in '/workspace/ros2_ws/build/msgs_interfaces' returned '0': CMAKE_PREFIX_PATH=${CMAKE_PREFIX_PATH}:/opt/ros/jazzy /usr/bin/cmake --install /workspace/ros2_ws/build/msgs_interfaces
