-- The C compiler identification is GNU 13.3.0
-- The CXX compiler identification is GNU 13.3.0
-- Detecting C compiler ABI info
-- Detecting C compiler ABI info - done
-- Check for working C compiler: /usr/bin/cc - skipped
-- Detecting C compile features
-- Detecting C compile features - done
-- Detecting CXX compiler ABI info
-- Detecting CXX compiler ABI info - done
-- Check for working CXX compiler: /usr/bin/c++ - skipped
-- Detecting CXX compile features
-- Detecting CXX compile features - done
-- Found ament_cmake: 2.5.4 (/opt/ros/jazzy/share/ament_cmake/cmake)
-- Found Python3: /home/ubuntu/ml_env/bin/python3 (found version "3.12.3") found components: Interpreter 
-- Override CMake install command with custom implementation using symlinks instead of copying resources
-- Found ament_lint_auto: 0.17.3 (/opt/ros/jazzy/share/ament_lint_auto/cmake)
-- Added test 'lint_cmake' to check CMake code style
-- Added test 'xmllint' to check XML markup files
-- Configuring done (1.3s)
-- Generating done (0.0s)
-- Build files have been written to: /ball-e/ros2_ws/build/msgs_interfaces
-- Install configuration: ""
-- Execute custom install script
-- Symlinking: /ball-e/ros2_ws/install/msgs_interfaces/share/ament_index/resource_index/package_run_dependencies/msgs_interfaces
-- Symlinking: /ball-e/ros2_ws/install/msgs_interfaces/share/ament_index/resource_index/parent_prefix_path/msgs_interfaces
-- Symlinking: /ball-e/ros2_ws/install/msgs_interfaces/share/msgs_interfaces/environment/ament_prefix_path.sh
-- Symlinking: /ball-e/ros2_ws/install/msgs_interfaces/share/msgs_interfaces/environment/ament_prefix_path.dsv
-- Symlinking: /ball-e/ros2_ws/install/msgs_interfaces/share/msgs_interfaces/environment/path.sh
-- Symlinking: /ball-e/ros2_ws/install/msgs_interfaces/share/msgs_interfaces/environment/path.dsv
-- Symlinking: /ball-e/ros2_ws/install/msgs_interfaces/share/msgs_interfaces/local_setup.bash
-- Symlinking: /ball-e/ros2_ws/install/msgs_interfaces/share/msgs_interfaces/local_setup.sh
-- Symlinking: /ball-e/ros2_ws/install/msgs_interfaces/share/msgs_interfaces/local_setup.zsh
-- Symlinking: /ball-e/ros2_ws/install/msgs_interfaces/share/msgs_interfaces/local_setup.dsv
-- Symlinking: /ball-e/ros2_ws/install/msgs_interfaces/share/msgs_interfaces/package.dsv
-- Symlinking: /ball-e/ros2_ws/install/msgs_interfaces/share/ament_index/resource_index/packages/msgs_interfaces
-- Symlinking: /ball-e/ros2_ws/install/msgs_interfaces/share/msgs_interfaces/cmake/msgs_interfacesConfig.cmake
-- Symlinking: /ball-e/ros2_ws/install/msgs_interfaces/share/msgs_interfaces/cmake/msgs_interfacesConfig-version.cmake
-- Symlinking: /ball-e/ros2_ws/install/msgs_interfaces/share/msgs_interfaces/package.xml
