[0.457s] Invoking command in '/ball-e/ros2_ws/build/msgs_interfaces': CMAKE_PREFIX_PATH=${CMAKE_PREFIX_PATH}:/ball-e/ros2_ws/install/sensors_pkg:/ball-e/ros2_ws/install/perception_pkg:/ball-e/ros2_ws/install/navigation_pkg:/ball-e/ros2_ws/install/interaction_pkg:/ball-e/ros2_ws/install/emotion_pkg:/opt/ros/jazzy VIRTUAL_ENV_PROMPT=(ml_env) /usr/bin/cmake /ball-e/ros2_ws/src/msgs_interfaces -DAMENT_CMAKE_SYMLINK_INSTALL=1 -DCMAKE_INSTALL_PREFIX=/ball-e/ros2_ws/install/msgs_interfaces
[0.893s] -- The C compiler identification is GNU 13.3.0
[0.893s] -- The CXX compiler identification is GNU 13.3.0
[0.894s] -- Detecting C compiler ABI info
[0.894s] -- Detecting C compiler ABI info - done
[0.894s] -- Check for working C compiler: /usr/bin/cc - skipped
[0.894s] -- Detecting C compile features
[0.895s] -- Detecting C compile features - done
[0.895s] -- Detecting CXX compiler ABI info
[0.936s] -- Detecting CXX compiler ABI info - done
[0.951s] -- Check for working CXX compiler: /usr/bin/c++ - skipped
[0.952s] -- Detecting CXX compile features
[0.952s] -- Detecting CXX compile features - done
[0.964s] -- Found ament_cmake: 2.5.4 (/opt/ros/jazzy/share/ament_cmake/cmake)
[1.109s] -- Found Python3: /home/ubuntu/ml_env/bin/python3 (found version "3.12.3") found components: Interpreter 
[1.202s] -- Override CMake install command with custom implementation using symlinks instead of copying resources
[1.447s] -- Found ament_lint_auto: 0.17.3 (/opt/ros/jazzy/share/ament_lint_auto/cmake)
[1.717s] -- Added test 'lint_cmake' to check CMake code style
[1.732s] -- Added test 'xmllint' to check XML markup files
[1.759s] -- Configuring done (1.3s)
[1.789s] -- Generating done (0.0s)
[1.800s] -- Build files have been written to: /ball-e/ros2_ws/build/msgs_interfaces
[1.801s] Invoked command in '/ball-e/ros2_ws/build/msgs_interfaces' returned '0': CMAKE_PREFIX_PATH=${CMAKE_PREFIX_PATH}:/ball-e/ros2_ws/install/sensors_pkg:/ball-e/ros2_ws/install/perception_pkg:/ball-e/ros2_ws/install/navigation_pkg:/ball-e/ros2_ws/install/interaction_pkg:/ball-e/ros2_ws/install/emotion_pkg:/opt/ros/jazzy VIRTUAL_ENV_PROMPT=(ml_env) /usr/bin/cmake /ball-e/ros2_ws/src/msgs_interfaces -DAMENT_CMAKE_SYMLINK_INSTALL=1 -DCMAKE_INSTALL_PREFIX=/ball-e/ros2_ws/install/msgs_interfaces
[1.803s] Invoking command in '/ball-e/ros2_ws/build/msgs_interfaces': CMAKE_PREFIX_PATH=${CMAKE_PREFIX_PATH}:/ball-e/ros2_ws/install/sensors_pkg:/ball-e/ros2_ws/install/perception_pkg:/ball-e/ros2_ws/install/navigation_pkg:/ball-e/ros2_ws/install/interaction_pkg:/ball-e/ros2_ws/install/emotion_pkg:/opt/ros/jazzy VIRTUAL_ENV_PROMPT=(ml_env) /usr/bin/cmake --build /ball-e/ros2_ws/build/msgs_interfaces -- -j28 -l28
[1.859s] Invoked command in '/ball-e/ros2_ws/build/msgs_interfaces' returned '0': CMAKE_PREFIX_PATH=${CMAKE_PREFIX_PATH}:/ball-e/ros2_ws/install/sensors_pkg:/ball-e/ros2_ws/install/perception_pkg:/ball-e/ros2_ws/install/navigation_pkg:/ball-e/ros2_ws/install/interaction_pkg:/ball-e/ros2_ws/install/emotion_pkg:/opt/ros/jazzy VIRTUAL_ENV_PROMPT=(ml_env) /usr/bin/cmake --build /ball-e/ros2_ws/build/msgs_interfaces -- -j28 -l28
[1.881s] Invoking command in '/ball-e/ros2_ws/build/msgs_interfaces': CMAKE_PREFIX_PATH=${CMAKE_PREFIX_PATH}:/ball-e/ros2_ws/install/sensors_pkg:/ball-e/ros2_ws/install/perception_pkg:/ball-e/ros2_ws/install/navigation_pkg:/ball-e/ros2_ws/install/interaction_pkg:/ball-e/ros2_ws/install/emotion_pkg:/opt/ros/jazzy VIRTUAL_ENV_PROMPT=(ml_env) /usr/bin/cmake --install /ball-e/ros2_ws/build/msgs_interfaces
[1.894s] -- Install configuration: ""
[1.895s] -- Execute custom install script
[1.896s] -- Symlinking: /ball-e/ros2_ws/install/msgs_interfaces/share/ament_index/resource_index/package_run_dependencies/msgs_interfaces
[1.911s] -- Symlinking: /ball-e/ros2_ws/install/msgs_interfaces/share/ament_index/resource_index/parent_prefix_path/msgs_interfaces
[1.924s] -- Symlinking: /ball-e/ros2_ws/install/msgs_interfaces/share/msgs_interfaces/environment/ament_prefix_path.sh
[1.934s] -- Symlinking: /ball-e/ros2_ws/install/msgs_interfaces/share/msgs_interfaces/environment/ament_prefix_path.dsv
[1.946s] -- Symlinking: /ball-e/ros2_ws/install/msgs_interfaces/share/msgs_interfaces/environment/path.sh
[1.962s] -- Symlinking: /ball-e/ros2_ws/install/msgs_interfaces/share/msgs_interfaces/environment/path.dsv
[1.976s] -- Symlinking: /ball-e/ros2_ws/install/msgs_interfaces/share/msgs_interfaces/local_setup.bash
[1.994s] -- Symlinking: /ball-e/ros2_ws/install/msgs_interfaces/share/msgs_interfaces/local_setup.sh
[2.003s] -- Symlinking: /ball-e/ros2_ws/install/msgs_interfaces/share/msgs_interfaces/local_setup.zsh
[2.017s] -- Symlinking: /ball-e/ros2_ws/install/msgs_interfaces/share/msgs_interfaces/local_setup.dsv
[2.033s] -- Symlinking: /ball-e/ros2_ws/install/msgs_interfaces/share/msgs_interfaces/package.dsv
[2.045s] -- Symlinking: /ball-e/ros2_ws/install/msgs_interfaces/share/ament_index/resource_index/packages/msgs_interfaces
[2.061s] -- Symlinking: /ball-e/ros2_ws/install/msgs_interfaces/share/msgs_interfaces/cmake/msgs_interfacesConfig.cmake
[2.075s] -- Symlinking: /ball-e/ros2_ws/install/msgs_interfaces/share/msgs_interfaces/cmake/msgs_interfacesConfig-version.cmake
[2.088s] -- Symlinking: /ball-e/ros2_ws/install/msgs_interfaces/share/msgs_interfaces/package.xml
[2.106s] Invoked command in '/ball-e/ros2_ws/build/msgs_interfaces' returned '0': CMAKE_PREFIX_PATH=${CMAKE_PREFIX_PATH}:/ball-e/ros2_ws/install/sensors_pkg:/ball-e/ros2_ws/install/perception_pkg:/ball-e/ros2_ws/install/navigation_pkg:/ball-e/ros2_ws/install/interaction_pkg:/ball-e/ros2_ws/install/emotion_pkg:/opt/ros/jazzy VIRTUAL_ENV_PROMPT=(ml_env) /usr/bin/cmake --install /ball-e/ros2_ws/build/msgs_interfaces
