[1.677s] Invoking command in '/workspace/ros2_ws/src/navigation_pkg': PYTHONPATH=/workspace/ros2_ws/build/navigation_pkg/prefix_override:/usr/lib/python3/dist-packages/colcon_core/task/python/colcon_distutils_commands:/workspace/ros2_ws/install/navigation_pkg/lib/python3.12/site-packages:${PYTHONPATH} /usr/bin/python3 -W ignore:setup.py install is deprecated -W ignore:easy_install command is deprecated setup.py egg_info --egg-base ../../build/navigation_pkg build --build-base /workspace/ros2_ws/build/navigation_pkg/build install --record /workspace/ros2_ws/build/navigation_pkg/install.log --single-version-externally-managed install_data
[1.953s] running egg_info
[1.954s] creating ../../build/navigation_pkg/navigation_pkg.egg-info
[1.969s] writing ../../build/navigation_pkg/navigation_pkg.egg-info/PKG-INFO
[1.969s] writing dependency_links to ../../build/navigation_pkg/navigation_pkg.egg-info/dependency_links.txt
[1.970s] writing requirements to ../../build/navigation_pkg/navigation_pkg.egg-info/requires.txt
[1.970s] writing top-level names to ../../build/navigation_pkg/navigation_pkg.egg-info/top_level.txt
[1.970s] writing manifest file '../../build/navigation_pkg/navigation_pkg.egg-info/SOURCES.txt'
[2.005s] reading manifest file '../../build/navigation_pkg/navigation_pkg.egg-info/SOURCES.txt'
[2.006s] adding license file 'LICENSE'
[2.008s] writing manifest file '../../build/navigation_pkg/navigation_pkg.egg-info/SOURCES.txt'
[2.010s] running build
[2.011s] running build_py
[2.014s] creating /workspace/ros2_ws/build/navigation_pkg/build
[2.015s] creating /workspace/ros2_ws/build/navigation_pkg/build/lib
[2.018s] creating /workspace/ros2_ws/build/navigation_pkg/build/lib/navigation_pkg
[2.019s] copying navigation_pkg/__init__.py -> /workspace/ros2_ws/build/navigation_pkg/build/lib/navigation_pkg
[2.022s] running install
[2.038s] running install_lib
[2.080s] creating /workspace/ros2_ws/install/navigation_pkg/lib/python3.12/site-packages/navigation_pkg
[2.081s] copying /workspace/ros2_ws/build/navigation_pkg/build/lib/navigation_pkg/__init__.py -> /workspace/ros2_ws/install/navigation_pkg/lib/python3.12/site-packages/navigation_pkg
[2.082s] byte-compiling /workspace/ros2_ws/install/navigation_pkg/lib/python3.12/site-packages/navigation_pkg/__init__.py to __init__.cpython-312.pyc
[2.083s] running install_data
[2.085s] creating /workspace/ros2_ws/install/navigation_pkg/share/ament_index
[2.085s] creating /workspace/ros2_ws/install/navigation_pkg/share/ament_index/resource_index
[2.086s] creating /workspace/ros2_ws/install/navigation_pkg/share/ament_index/resource_index/packages
[2.087s] copying resource/navigation_pkg -> /workspace/ros2_ws/install/navigation_pkg/share/ament_index/resource_index/packages
[2.089s] copying package.xml -> /workspace/ros2_ws/install/navigation_pkg/share/navigation_pkg
[2.093s] running install_egg_info
[2.094s] Copying ../../build/navigation_pkg/navigation_pkg.egg-info to /workspace/ros2_ws/install/navigation_pkg/lib/python3.12/site-packages/navigation_pkg-0.0.0-py3.12.egg-info
[2.102s] running install_scripts
[2.211s] writing list of installed files to '/workspace/ros2_ws/build/navigation_pkg/install.log'
[2.267s] Invoked command in '/workspace/ros2_ws/src/navigation_pkg' returned '0': PYTHONPATH=/workspace/ros2_ws/build/navigation_pkg/prefix_override:/usr/lib/python3/dist-packages/colcon_core/task/python/colcon_distutils_commands:/workspace/ros2_ws/install/navigation_pkg/lib/python3.12/site-packages:${PYTHONPATH} /usr/bin/python3 -W ignore:setup.py install is deprecated -W ignore:easy_install command is deprecated setup.py egg_info --egg-base ../../build/navigation_pkg build --build-base /workspace/ros2_ws/build/navigation_pkg/build install --record /workspace/ros2_ws/build/navigation_pkg/install.log --single-version-externally-managed install_data
