[1.596s] Invoking command in '/ball-e/ros2_ws/build/interaction_pkg': PYTHONPATH=/ball-e/ros2_ws/build/interaction_pkg/prefix_override:/home/ubuntu/ml_env/lib/python3.12/site-packages/colcon_core/task/python/colcon_distutils_commands:/ball-e/ros2_ws/install/interaction_pkg/lib/python3.12/site-packages:${PYTHONPATH} VIRTUAL_ENV_PROMPT=(ml_env) /home/ubuntu/ml_env/bin/python3 -W ignore:setup.py install is deprecated -W ignore:easy_install command is deprecated setup.py develop --editable --build-directory /ball-e/ros2_ws/build/interaction_pkg/build --no-deps symlink_data
[1.894s] running develop
[2.053s] running egg_info
[2.069s] creating interaction_pkg.egg-info
[2.070s] writing interaction_pkg.egg-info/PKG-INFO
[2.072s] writing dependency_links to interaction_pkg.egg-info/dependency_links.txt
[2.074s] writing requirements to interaction_pkg.egg-info/requires.txt
[2.074s] writing top-level names to interaction_pkg.egg-info/top_level.txt
[2.075s] writing manifest file 'interaction_pkg.egg-info/SOURCES.txt'
[2.124s] reading manifest file 'interaction_pkg.egg-info/SOURCES.txt'
[2.126s] writing manifest file 'interaction_pkg.egg-info/SOURCES.txt'
[2.145s] running build_ext
[2.148s] Creating /ball-e/ros2_ws/install/interaction_pkg/lib/python3.12/site-packages/interaction-pkg.egg-link (link to .)
[2.153s] 
[2.154s] Installed /ball-e/ros2_ws/build/interaction_pkg
[2.154s] running symlink_data
[2.156s] creating /ball-e/ros2_ws/install/interaction_pkg/share/ament_index/resource_index/packages
[2.157s] symbolically linking /ball-e/ros2_ws/build/interaction_pkg/resource/interaction_pkg -> /ball-e/ros2_ws/install/interaction_pkg/share/ament_index/resource_index/packages
[2.158s] symbolically linking /ball-e/ros2_ws/build/interaction_pkg/package.xml -> /ball-e/ros2_ws/install/interaction_pkg/share/interaction_pkg
[2.227s] Invoked command in '/ball-e/ros2_ws/build/interaction_pkg' returned '0': PYTHONPATH=/ball-e/ros2_ws/build/interaction_pkg/prefix_override:/home/ubuntu/ml_env/lib/python3.12/site-packages/colcon_core/task/python/colcon_distutils_commands:/ball-e/ros2_ws/install/interaction_pkg/lib/python3.12/site-packages:${PYTHONPATH} VIRTUAL_ENV_PROMPT=(ml_env) /home/ubuntu/ml_env/bin/python3 -W ignore:setup.py install is deprecated -W ignore:easy_install command is deprecated setup.py develop --editable --build-directory /ball-e/ros2_ws/build/interaction_pkg/build --no-deps symlink_data
